Component: Arm Compiler for Embedded 6.19 Tool: armlink [5e73cb00]

==============================================================================

Section Cross References

    main.o(.text.main) refers to main.o(.text.reset_GPIO) for reset_GPIO
    main.o(.text.main) refers to gpiocheck.o(.text.check_GPIO) for check_GPIO
    main.o(.ARM.exidx.text.main) refers to main.o(.text.main) for [Anonymous Symbol]
    main.o(.ARM.exidx.text.reset_GPIO) refers to main.o(.text.reset_GPIO) for [Anonymous Symbol]
    gpiocheck.o(.ARM.exidx.text.check_GPIO) refers to gpiocheck.o(.text.check_GPIO) for [Anonymous Symbol]
    datainit_ctboard.o(.text) refers to __scatter.o(!!!scatter) for __scatterload
    datainit_ctboard.o(.text) refers to main.o(.text.main) for main
    datainit_ctboard.o(.text) refers (Weak) to startup_ctboard.o(STACK) for Stack_Mem
    startup_ctboard.o(RESET) refers to startup_ctboard.o(STACK) for __initial_sp
    startup_ctboard.o(RESET) refers to startup_ctboard.o(.text) for Reset_Handler
    startup_ctboard.o(.text) refers to system_ctboard.o(.text.__system) for __system
    startup_ctboard.o(.text) refers to datainit_ctboard.o(.text) for __main
    system_ctboard.o(.text.__system) refers to system_ctboard.o(.text.system_enter_run) for system_enter_run
    system_ctboard.o(.ARM.exidx.text.__system) refers to system_ctboard.o(.text.__system) for [Anonymous Symbol]
    system_ctboard.o(.text.system_enter_run) refers to system_ctboard.o(.text.init_SystemClock) for init_SystemClock
    system_ctboard.o(.text.system_enter_run) refers to system_ctboard.o(.text.init_FPU) for init_FPU
    system_ctboard.o(.text.system_enter_run) refers to system_ctboard.o(.text.init_FMC_SRAM) for init_FMC_SRAM
    system_ctboard.o(.text.system_enter_run) refers to system_ctboard.o(.text.init_LCD) for init_LCD
    system_ctboard.o(.ARM.exidx.text.system_enter_run) refers to system_ctboard.o(.text.system_enter_run) for [Anonymous Symbol]
    system_ctboard.o(.text.init_SystemClock) refers to hal_rcc.o(.text.hal_rcc_reset) for hal_rcc_reset
    system_ctboard.o(.text.init_SystemClock) refers to hal_rcc.o(.text.hal_rcc_set_osc) for hal_rcc_set_osc
    system_ctboard.o(.text.init_SystemClock) refers to hal_rcc.o(.text.hal_rcc_setup_pll) for hal_rcc_setup_pll
    system_ctboard.o(.text.init_SystemClock) refers to hal_pwr.o(.text.hal_pwr_set_overdrive) for hal_pwr_set_overdrive
    system_ctboard.o(.text.init_SystemClock) refers to hal_rcc.o(.text.hal_rcc_setup_clock) for hal_rcc_setup_clock
    system_ctboard.o(.ARM.exidx.text.init_SystemClock) refers to system_ctboard.o(.text.init_SystemClock) for [Anonymous Symbol]
    system_ctboard.o(.ARM.exidx.text.init_FPU) refers to system_ctboard.o(.text.init_FPU) for [Anonymous Symbol]
    system_ctboard.o(.text.init_FMC_SRAM) refers to hal_gpio.o(.text.hal_gpio_init_alternate) for hal_gpio_init_alternate
    system_ctboard.o(.text.init_FMC_SRAM) refers to hal_fmc.o(.text.hal_fmc_init_sram) for hal_fmc_init_sram
    system_ctboard.o(.ARM.exidx.text.init_FMC_SRAM) refers to system_ctboard.o(.text.init_FMC_SRAM) for [Anonymous Symbol]
    system_ctboard.o(.ARM.exidx.text.init_LCD) refers to system_ctboard.o(.text.init_LCD) for [Anonymous Symbol]
    system_ctboard.o(.ARM.exidx.text.system_enter_sleep) refers to system_ctboard.o(.text.system_enter_sleep) for [Anonymous Symbol]
    system_ctboard.o(.ARM.exidx.text.system_enter_stop) refers to system_ctboard.o(.text.system_enter_stop) for [Anonymous Symbol]
    system_ctboard.o(.ARM.exidx.text.system_enter_standby) refers to system_ctboard.o(.text.system_enter_standby) for [Anonymous Symbol]
    hal_fmc.o(.text.hal_fmc_reset) refers to assert.o(.text) for __aeabi_assert
    hal_fmc.o(.text.hal_fmc_reset) refers to hal_fmc.o(.rodata.str1.1) for [Anonymous Symbol]
    hal_fmc.o(.ARM.exidx.text.hal_fmc_reset) refers to hal_fmc.o(.text.hal_fmc_reset) for [Anonymous Symbol]
    hal_fmc.o(.text.hal_fmc_init_sram) refers to assert.o(.text) for __aeabi_assert
    hal_fmc.o(.text.hal_fmc_init_sram) refers to hal_fmc.o(.rodata.str1.1) for [Anonymous Symbol]
    hal_fmc.o(.ARM.exidx.text.hal_fmc_init_sram) refers to hal_fmc.o(.text.hal_fmc_init_sram) for [Anonymous Symbol]
    hal_gpio.o(.ARM.exidx.text.hal_gpio_reset) refers to hal_gpio.o(.text.hal_gpio_reset) for [Anonymous Symbol]
    hal_gpio.o(.text.hal_gpio_init_input) refers to hal_gpio.o(.text.intercept_overwrite_register) for intercept_overwrite_register
    hal_gpio.o(.text.hal_gpio_init_input) refers to hal_gpio.o(.text.create_pattern_mask) for create_pattern_mask
    hal_gpio.o(.ARM.exidx.text.hal_gpio_init_input) refers to hal_gpio.o(.text.hal_gpio_init_input) for [Anonymous Symbol]
    hal_gpio.o(.ARM.exidx.text.intercept_overwrite_register) refers to hal_gpio.o(.text.intercept_overwrite_register) for [Anonymous Symbol]
    hal_gpio.o(.text.create_pattern_mask) refers to aeabi_sdiv.o(.text) for __aeabi_uidiv
[...]
    hal_gpio.o(.text.hal_gpio_bit_reset) refers to hal_gpio.o(.text.intercept_overwrite_register) for intercept_overwrite_register
    hal_gpio.o(.ARM.exidx.text.hal_gpio_bit_reset) refers to hal_gpio.o(.text.hal_gpio_bit_reset) for [Anonymous Symbol]
    hal_gpio.o(.text.hal_gpio_bit_toggle) refers to hal_gpio.o(.text.intercept_overwrite_register) for intercept_overwrite_register
    hal_gpio.o(.text.hal_gpio_bit_toggle) refers to hal_gpio.o(.text.hal_gpio_output_read) for hal_gpio_output_read
    hal_gpio.o(.ARM.exidx.text.hal_gpio_bit_toggle) refers to hal_gpio.o(.text.hal_gpio_bit_toggle) for [Anonymous Symbol]
    hal_gpio.o(.text.hal_gpio_irq_set) refers to hal_gpio.o(.text.get_syscfg_mask) for get_syscfg_mask
    hal_gpio.o(.ARM.exidx.text.hal_gpio_irq_set) refers to hal_gpio.o(.text.hal_gpio_irq_set) for [Anonymous Symbol]
    hal_gpio.o(.ARM.exidx.text.get_syscfg_mask) refers to hal_gpio.o(.text.get_syscfg_mask) for [Anonymous Symbol]
    hal_gpio.o(.ARM.exidx.text.hal_gpio_irq_status) refers to hal_gpio.o(.text.hal_gpio_irq_status) for [Anonymous Symbol]
    hal_gpio.o(.ARM.exidx.text.hal_gpio_irq_clear) refers to hal_gpio.o(.text.hal_gpio_irq_clear) for [Anonymous Symbol]
    hal_pwr.o(.ARM.exidx.text.hal_pwr_reset) refers to hal_pwr.o(.text.hal_pwr_reset) for [Anonymous Symbol]
    hal_pwr.o(.ARM.exidx.text.hal_pwr_set_backup_domain) refers to hal_pwr.o(.text.hal_pwr_set_backup_domain) for [Anonymous Symbol]
    hal_pwr.o(.ARM.exidx.text.hal_pwr_set_backup_access) refers to hal_pwr.o(.text.hal_pwr_set_backup_access) for [Anonymous Symbol]
    hal_pwr.o(.ARM.exidx.text.hal_pwr_set_wakeup_pin) refers to hal_pwr.o(.text.hal_pwr_set_wakeup_pin) for [Anonymous Symbol]
    hal_pwr.o(.ARM.exidx.text.hal_pwr_set_flash_powerdown) refers to hal_pwr.o(.text.hal_pwr_set_flash_powerdown) for [Anonymous Symbol]
    hal_pwr.o(.ARM.exidx.text.hal_pwr_set_overdrive) refers to hal_pwr.o(.text.hal_pwr_set_overdrive) for [Anonymous Symbol]
    hal_pwr.o(.ARM.exidx.text.hal_pwr_set_underdrive) refers to hal_pwr.o(.text.hal_pwr_set_underdrive) for [Anonymous Symbol]
    hal_rcc.o(.ARM.exidx.text.hal_rcc_reset) refers to hal_rcc.o(.text.hal_rcc_reset) for [Anonymous Symbol]
    hal_rcc.o(.text.hal_rcc_set_peripheral) refers to assert.o(.text) for __aeabi_assert
    hal_rcc.o(.text.hal_rcc_set_peripheral) refers to hal_rcc.o(.rodata.str1.1) for [Anonymous Symbol]
    hal_rcc.o(.ARM.exidx.text.hal_rcc_set_peripheral) refers to hal_rcc.o(.text.hal_rcc_set_peripheral) for [Anonymous Symbol]
    hal_rcc.o(.ARM.exidx.text.hal_rcc_set_osc) refers to hal_rcc.o(.text.hal_rcc_set_osc) for [Anonymous Symbol]
    hal_rcc.o(.text.hal_rcc_setup_pll) refers to assert.o(.text) for __aeabi_assert
    hal_rcc.o(.text.hal_rcc_setup_pll) refers to hal_rcc.o(.rodata.str1.1) for [Anonymous Symbol]
    hal_rcc.o(.ARM.exidx.text.hal_rcc_setup_pll) refers to hal_rcc.o(.text.hal_rcc_setup_pll) for [Anonymous Symbol]
    hal_rcc.o(.text.hal_rcc_setup_clock) refers to assert.o(.text) for __aeabi_assert
    hal_rcc.o(.text.hal_rcc_setup_clock) refers to hal_rcc.o(.rodata.str1.1) for [Anonymous Symbol]
    hal_rcc.o(.ARM.exidx.text.hal_rcc_setup_clock) refers to hal_rcc.o(.text.hal_rcc_setup_clock) for [Anonymous Symbol]
    hal_timer.o(.text.hal_timer_reset) refers to hal_timer.o(.text.get_irq_param) for get_irq_param
    hal_timer.o(.ARM.exidx.text.hal_timer_reset) refers to hal_timer.o(.text.hal_timer_reset) for [Anonymous Symbol]
    hal_timer.o(.text.get_irq_param) refers to assert.o(.text) for __aeabi_assert
    hal_timer.o(.text.get_irq_param) refers to hal_timer.o(.rodata.str1.1) for [Anonymous Symbol]
    hal_timer.o(.ARM.exidx.text.get_irq_param) refers to hal_timer.o(.text.get_irq_param) for [Anonymous Symbol]
    hal_timer.o(.ARM.exidx.text.hal_timer_init_base) refers to hal_timer.o(.text.hal_timer_init_base) for [Anonymous Symbol]
    hal_timer.o(.ARM.exidx.text.hal_timer_init_clock) refers to hal_timer.o(.text.hal_timer_init_clock) for [Anonymous Symbol]
    hal_timer.o(.text.hal_timer_init_input) refers to hal_timer.o(.text.set_channel_ccreg) for set_channel_ccreg
    hal_timer.o(.text.hal_timer_init_input) refers to hal_timer.o(.text.set_channel_polarity) for set_channel_polarity
    hal_timer.o(.text.hal_timer_init_input) refers to hal_timer.o(.text.hal_timer_channel_set) for hal_timer_channel_set
    hal_timer.o(.ARM.exidx.text.hal_timer_init_input) refers to hal_timer.o(.text.hal_timer_init_input) for [Anonymous Symbol]
    hal_timer.o(.text.set_channel_ccreg) refers to assert.o(.text) for __aeabi_assert
    hal_timer.o(.text.set_channel_ccreg) refers to hal_timer.o(.rodata.str1.1) for [Anonymous Symbol]
    hal_timer.o(.ARM.exidx.text.set_channel_ccreg) refers to hal_timer.o(.text.set_channel_ccreg) for [Anonymous Symbol]
    hal_timer.o(.ARM.exidx.text.set_channel_polarity) refers to hal_timer.o(.text.set_channel_polarity) for [Anonymous Symbol]
    hal_timer.o(.ARM.exidx.text.hal_timer_channel_set) refers to hal_timer.o(.text.hal_timer_channel_set) for [Anonymous Symbol]
    hal_timer.o(.text.hal_timer_init_output) refers to hal_timer.o(.text.set_channel_ccreg) for set_channel_ccreg
    hal_timer.o(.text.hal_timer_init_output) refers to hal_timer.o(.text.set_channel_polarity) for set_channel_polarity
    hal_timer.o(.text.hal_timer_init_output) refers to hal_timer.o(.text.hal_timer_channel_set) for hal_timer_channel_set
    hal_timer.o(.text.hal_timer_init_output) refers to hal_timer.o(.text.hal_timer_compare_write) for hal_timer_compare_write
    hal_timer.o(.text.hal_timer_init_output) refers to hal_timer.o(.text.adv_main_output_set) for adv_main_output_set
    hal_timer.o(.ARM.exidx.text.hal_timer_init_output) refers to hal_timer.o(.text.hal_timer_init_output) for [Anonymous Symbol]
    hal_timer.o(.ARM.exidx.text.hal_timer_compare_write) refers to hal_timer.o(.text.hal_timer_compare_write) for [Anonymous Symbol]
    hal_timer.o(.ARM.exidx.text.adv_main_output_set) refers to hal_timer.o(.text.adv_main_output_set) for [Anonymous Symbol]
    hal_timer.o(.ARM.exidx.text.hal_timer_start) refers to hal_timer.o(.text.hal_timer_start) for [Anonymous Symbol]
    hal_timer.o(.ARM.exidx.text.hal_timer_stop) refers to hal_timer.o(.text.hal_timer_stop) for [Anonymous Symbol]
    hal_timer.o(.text.hal_timer_irq_set) refers to hal_timer.o(.text.get_irq_param) for get_irq_param
    hal_timer.o(.ARM.exidx.text.hal_timer_irq_set) refers to hal_timer.o(.text.hal_timer_irq_set) for [Anonymous Symbol]
    hal_timer.o(.ARM.exidx.text.hal_timer_irq_status) refers to hal_timer.o(.text.hal_timer_irq_status) for [Anonymous Symbol]
    hal_timer.o(.ARM.exidx.text.hal_timer_dma_set) refers to hal_timer.o(.text.hal_timer_dma_set) for [Anonymous Symbol]
    hal_timer.o(.ARM.exidx.text.hal_timer_irq_clear) refers to hal_timer.o(.text.hal_timer_irq_clear) for [Anonymous Symbol]
    hal_timer.o(.ARM.exidx.text.hal_timer_counter_read) refers to hal_timer.o(.text.hal_timer_counter_read) for [Anonymous Symbol]
    hal_timer.o(.ARM.exidx.text.hal_timer_reload_write) refers to hal_timer.o(.text.hal_timer_reload_write) for [Anonymous Symbol]
    hal_timer.o(.ARM.exidx.text.hal_timer_prescaler_write) refers to hal_timer.o(.text.hal_timer_prescaler_write) for [Anonymous Symbol]
    hal_timer.o(.ARM.exidx.text.hal_timer_compare_read) refers to hal_timer.o(.text.hal_timer_compare_read) for [Anonymous Symbol]
    assert.o(.text) refers to assert_puts.o(.text) for __assert_puts
    assert.o(.text) refers to aeabi_sdiv.o(.text) for __aeabi_idivmod
    assert.o(.text) refers to abort.o(.text) for abort
    __scatter.o(!!!scatter) refers to __rtentry.o(.ARM.Collect$$rtentry$$00000000) for __rt_entry
    __rtentry.o(.ARM.Collect$$rtentry$$00000000) refers (Special) to __rtentry2.o(.ARM.Collect$$rtentry$$0000000A) for __rt_entry_li
    __rtentry.o(.ARM.Collect$$rtentry$$00000000) refers (Special) to __rtentry2.o(.ARM.Collect$$rtentry$$0000000D) for __rt_entry_main
    __rtentry.o(.ARM.Collect$$rtentry$$00000000) refers (Special) to __rtentry2.o(.ARM.Collect$$rtentry$$0000000C) for __rt_entry_postli_1
    __rtentry.o(.ARM.Collect$$rtentry$$00000000) refers (Special) to __rtentry2.o(.ARM.Collect$$rtentry$$00000009) for __rt_entry_postsh_1
    __rtentry.o(.ARM.Collect$$rtentry$$00000000) refers (Special) to __rtentry2.o(.ARM.Collect$$rtentry$$00000002) for __rt_entry_presh_1
    __rtentry.o(.ARM.Collect$$rtentry$$00000000) refers (Special) to __rtentry4.o(.ARM.Collect$$rtentry$$00000004) for __rt_entry_sh
    aeabi_idiv0_sigfpe.o(.text) refers to rt_div0.o(.text) for __rt_div0
    abort.o(.text) refers to defsig_abrt_outer.o(.text) for __rt_SIGABRT
    abort.o(.text) refers (Weak) to libshutdown.o(.ARM.Collect$$libshutdown$$00000000) for __rt_lib_shutdown
    abort.o(.text) refers to sys_exit.o(.text) for _sys_exit
    assert_puts.o(.text) refers to sys_wrch.o(.text) for _ttywrch
    sys_wrch.o(.text) refers (Special) to use_no_semi.o(.text) for __I$use$semihosting
    sys_wrch.o(.text) refers (Special) to indicate_semi.o(.text) for __semihosting_library_function
    sys_exit.o(.text) refers (Special) to use_no_semi.o(.text) for __I$use$semihosting
    sys_exit.o(.text) refers (Special) to indicate_semi.o(.text) for __semihosting_library_function
    sys_wrch_hlt.o(.text) refers (Special) to use_no_semi.o(.text) for __I$use$semihosting
    sys_wrch_hlt.o(.text) refers (Special) to indicate_semi.o(.text) for __semihosting_library_function
    sys_exit_hlt.o(.text) refers (Special) to use_no_semi.o(.text) for __I$use$semihosting
    sys_exit_hlt.o(.text) refers (Special) to indicate_semi.o(.text) for __semihosting_library_function
    __rtentry2.o(.ARM.Collect$$rtentry$$00000008) refers to boardinit2.o(.text) for _platform_post_stackheap_init
    __rtentry2.o(.ARM.Collect$$rtentry$$0000000A) refers to libinit.o(.ARM.Collect$$libinit$$00000000) for __rt_lib_init
    __rtentry2.o(.ARM.Collect$$rtentry$$0000000B) refers to boardinit3.o(.text) for _platform_post_lib_init
    __rtentry2.o(.ARM.Collect$$rtentry$$0000000D) refers to main.o(.text.main) for main
    __rtentry2.o(.ARM.Collect$$rtentry$$0000000D) refers to exit.o(.text) for exit
    __rtentry2.o(.ARM.exidx) refers to __rtentry2.o(.ARM.Collect$$rtentry$$00000001) for .ARM.Collect$$rtentry$$00000001
    __rtentry2.o(.ARM.exidx) refers to __rtentry2.o(.ARM.Collect$$rtentry$$00000008) for .ARM.Collect$$rtentry$$00000008
    __rtentry2.o(.ARM.exidx) refers to __rtentry2.o(.ARM.Collect$$rtentry$$0000000A) for .ARM.Collect$$rtentry$$0000000A
    __rtentry2.o(.ARM.exidx) refers to __rtentry2.o(.ARM.Collect$$rtentry$$0000000B) for .ARM.Collect$$rtentry$$0000000B
    __rtentry2.o(.ARM.exidx) refers to __rtentry2.o(.ARM.Collect$$rtentry$$0000000D) for .ARM.Collect$$rtentry$$0000000D
    __rtentry4.o(.ARM.Collect$$rtentry$$00000004) refers to datainit_ctboard.o(.text) for __user_setup_stackheap
    __rtentry4.o(.ARM.exidx) refers to __rtentry4.o(.ARM.Collect$$rtentry$$00000004) for .ARM.Collect$$rtentry$$00000004
    rt_div0.o(.text) refers to defsig_fpe_outer.o(.text) for __rt_SIGFPE
    defsig_abrt_outer.o(.text) refers to defsig_abrt_inner.o(.text) for __rt_SIGABRT_inner
    defsig_abrt_outer.o(.text) refers to defsig_exit.o(.text) for __sig_exit
    defsig_abrt_formal.o(.text) refers to rt_raise.o(.text) for __rt_raise
    rt_raise.o(.text) refers to __raise.o(.text) for __raise
    rt_raise.o(.text) refers to sys_exit.o(.text) for _sys_exit
    exit.o(.text) refers to rtexit.o(.ARM.Collect$$rtexit$$00000000) for __rt_exit
    defsig_exit.o(.text) refers to sys_exit.o(.text) for _sys_exit
    defsig_abrt_inner.o(.text) refers to defsig_general.o(.text) for __default_signal_display
    defsig_fpe_outer.o(.text) refers to defsig_fpe_inner.o(.text) for __rt_SIGFPE_inner
    defsig_fpe_outer.o(.text) refers to defsig_exit.o(.text) for __sig_exit
    defsig_fpe_formal.o(.text) refers to rt_raise.o(.text) for __rt_raise
    libinit.o(.ARM.Collect$$libinit$$00000000) refers (Special) to libinit2.o(.ARM.Collect$$libinit$$00000030) for __rt_lib_init_alloca_1
    libinit.o(.ARM.Collect$$libinit$$00000000) refers (Special) to libinit2.o(.ARM.Collect$$libinit$$0000002E) for __rt_lib_init_argv_1
    libinit.o(.ARM.Collect$$libinit$$00000000) refers (Special) to libinit2.o(.ARM.Collect$$libinit$$0000001D) for __rt_lib_init_atexit_1
    libinit.o(.ARM.Collect$$libinit$$00000000) refers (Special) to libinit2.o(.ARM.Collect$$libinit$$00000023) for __rt_lib_init_clock_1
    libinit.o(.ARM.Collect$$libinit$$00000000) refers (Special) to libinit2.o(.ARM.Collect$$libinit$$00000034) for __rt_lib_init_cpp_1
    libinit.o(.ARM.Collect$$libinit$$00000000) refers (Special) to libinit2.o(.ARM.Collect$$libinit$$00000032) for __rt_lib_init_exceptions_1
    libinit.o(.ARM.Collect$$libinit$$00000000) refers (Special) to libinit2.o(.ARM.Collect$$libinit$$00000002) for __rt_lib_init_fp_1
    libinit.o(.ARM.Collect$$libinit$$00000000) refers (Special) to libinit2.o(.ARM.Collect$$libinit$$00000021) for __rt_lib_init_fp_trap_1
    libinit.o(.ARM.Collect$$libinit$$00000000) refers (Special) to libinit2.o(.ARM.Collect$$libinit$$00000025) for __rt_lib_init_getenv_1
    libinit.o(.ARM.Collect$$libinit$$00000000) refers (Special) to libinit2.o(.ARM.Collect$$libinit$$0000000C) for __rt_lib_init_heap_1
    libinit.o(.ARM.Collect$$libinit$$00000000) refers (Special) to libinit2.o(.ARM.Collect$$libinit$$00000013) for __rt_lib_init_lc_collate_1
    libinit.o(.ARM.Collect$$libinit$$00000000) refers (Special) to libinit2.o(.ARM.Collect$$libinit$$00000015) for __rt_lib_init_lc_ctype_1
    libinit.o(.ARM.Collect$$libinit$$00000000) refers (Special) to libinit2.o(.ARM.Collect$$libinit$$00000017) for __rt_lib_init_lc_monetary_1
    libinit.o(.ARM.Collect$$libinit$$00000000) refers (Special) to libinit2.o(.ARM.Collect$$libinit$$00000019) for __rt_lib_init_lc_numeric_1
    libinit.o(.ARM.Collect$$libinit$$00000000) refers (Special) to libinit2.o(.ARM.Collect$$libinit$$0000001B) for __rt_lib_init_lc_time_1
    libinit.o(.ARM.Collect$$libinit$$00000000) refers (Special) to libinit2.o(.ARM.Collect$$libinit$$00000006) for __rt_lib_init_preinit_1
    libinit.o(.ARM.Collect$$libinit$$00000000) refers (Special) to libinit2.o(.ARM.Collect$$libinit$$00000010) for __rt_lib_init_rand_1
    libinit.o(.ARM.Collect$$libinit$$00000000) refers (Special) to libinit2.o(.ARM.Collect$$libinit$$00000004) for __rt_lib_init_relocate_pie_1
    libinit.o(.ARM.Collect$$libinit$$00000000) refers (Special) to libinit2.o(.ARM.Collect$$libinit$$00000035) for __rt_lib_init_return
    libinit.o(.ARM.Collect$$libinit$$00000000) refers (Special) to libinit2.o(.ARM.Collect$$libinit$$0000001F) for __rt_lib_init_signal_1
    libinit.o(.ARM.Collect$$libinit$$00000000) refers (Special) to libinit2.o(.ARM.Collect$$libinit$$00000027) for __rt_lib_init_stdio_1
    libinit.o(.ARM.Collect$$libinit$$00000000) refers (Special) to libinit2.o(.ARM.Collect$$libinit$$0000000E) for __rt_lib_init_user_alloc_1
    rtexit.o(.ARM.Collect$$rtexit$$00000000) refers (Special) to rtexit2.o(.ARM.Collect$$rtexit$$00000004) for __rt_exit_exit
    rtexit.o(.ARM.Collect$$rtexit$$00000000) refers (Special) to rtexit2.o(.ARM.Collect$$rtexit$$00000003) for __rt_exit_ls
    rtexit.o(.ARM.Collect$$rtexit$$00000000) refers (Special) to rtexit2.o(.ARM.Collect$$rtexit$$00000002) for __rt_exit_prels_1
    rtexit.o(.ARM.exidx) refers (Special) to rtexit2.o(.ARM.Collect$$rtexit$$00000004) for __rt_exit_exit
    rtexit.o(.ARM.exidx) refers (Special) to rtexit2.o(.ARM.Collect$$rtexit$$00000003) for __rt_exit_ls
    rtexit.o(.ARM.exidx) refers (Special) to rtexit2.o(.ARM.Collect$$rtexit$$00000002) for __rt_exit_prels_1
    rtexit.o(.ARM.exidx) refers to rtexit.o(.ARM.Collect$$rtexit$$00000000) for .ARM.Collect$$rtexit$$00000000
    __raise.o(.text) refers to defsig.o(CL$$defsig) for __default_signal_handler
    defsig_general.o(.text) refers to sys_wrch.o(.text) for _ttywrch
    defsig_fpe_inner.o(.text) refers to defsig_general.o(.text) for __default_signal_display
    libinit2.o(.ARM.Collect$$libinit$$00000012) refers to libinit2.o(.ARM.Collect$$libinit$$00000011) for .ARM.Collect$$libinit$$00000011
    libinit2.o(.ARM.Collect$$libinit$$00000014) refers to libinit2.o(.ARM.Collect$$libinit$$00000011) for .ARM.Collect$$libinit$$00000011
    libinit2.o(.ARM.Collect$$libinit$$00000016) refers to libinit2.o(.ARM.Collect$$libinit$$00000011) for .ARM.Collect$$libinit$$00000011
    libinit2.o(.ARM.Collect$$libinit$$00000018) refers to libinit2.o(.ARM.Collect$$libinit$$00000011) for .ARM.Collect$$libinit$$00000011
    libinit2.o(.ARM.Collect$$libinit$$0000001A) refers to libinit2.o(.ARM.Collect$$libinit$$00000011) for .ARM.Collect$$libinit$$00000011
    libinit2.o(.ARM.Collect$$libinit$$00000028) refers to argv_veneer.o(.text) for __ARM_argv_veneer
    libinit2.o(.ARM.Collect$$libinit$$00000029) refers to argv_veneer.o(.text) for __ARM_argv_veneer
    rtexit2.o(.ARM.Collect$$rtexit$$00000003) refers to libshutdown.o(.ARM.Collect$$libshutdown$$00000000) for __rt_lib_shutdown
    rtexit2.o(.ARM.Collect$$rtexit$$00000004) refers to sys_exit.o(.text) for _sys_exit
    rtexit2.o(.ARM.exidx) refers to rtexit2.o(.ARM.Collect$$rtexit$$00000001) for .ARM.Collect$$rtexit$$00000001
    rtexit2.o(.ARM.exidx) refers to rtexit2.o(.ARM.Collect$$rtexit$$00000003) for .ARM.Collect$$rtexit$$00000003
    rtexit2.o(.ARM.exidx) refers to rtexit2.o(.ARM.Collect$$rtexit$$00000004) for .ARM.Collect$$rtexit$$00000004
    defsig.o(CL$$defsig) refers to defsig_abrt_inner.o(.text) for __rt_SIGABRT_inner
    defsig.o(CL$$defsig) refers to defsig_fpe_inner.o(.text) for __rt_SIGFPE_inner
    defsig.o(CL$$defsig) refers to defsig_rtmem_inner.o(.text) for __rt_SIGRTMEM_inner
    defsig_rtred_inner.o(.text) refers to defsig_general.o(.text) for __default_signal_display
    defsig_rtmem_inner.o(.text) refers to defsig_general.o(.text) for __default_signal_display
    defsig_stak_inner.o(.text) refers to defsig_general.o(.text) for __default_signal_display
    defsig_pvfn_inner.o(.text) refers to defsig_general.o(.text) for __default_signal_display
    defsig_cppl_inner.o(.text) refers to defsig_general.o(.text) for __default_signal_display
    defsig_segv_inner.o(.text) refers to defsig_general.o(.text) for __default_signal_display
    defsig_other.o(.text) refers to defsig_general.o(.text) for __default_signal_display
    _get_argv_nomalloc.o(.text) refers (Special) to hrguard.o(.text) for __heap_region$guard
    _get_argv_nomalloc.o(.text) refers to defsig_rtmem_outer.o(.text) for __rt_SIGRTMEM
    _get_argv_nomalloc.o(.text) refers to sys_command.o(.text) for _sys_command_string
    libshutdown.o(.ARM.Collect$$libshutdown$$00000000) refers (Special) to libshutdown2.o(.ARM.Collect$$libshutdown$$00000002) for __rt_lib_shutdown_cpp_1
    libshutdown.o(.ARM.Collect$$libshutdown$$00000000) refers (Special) to libshutdown2.o(.ARM.Collect$$libshutdown$$00000007) for __rt_lib_shutdown_fp_trap_1
    libshutdown.o(.ARM.Collect$$libshutdown$$00000000) refers (Special) to libshutdown2.o(.ARM.Collect$$libshutdown$$0000000F) for __rt_lib_shutdown_heap_1
    libshutdown.o(.ARM.Collect$$libshutdown$$00000000) refers (Special) to libshutdown2.o(.ARM.Collect$$libshutdown$$00000010) for __rt_lib_shutdown_return
    libshutdown.o(.ARM.Collect$$libshutdown$$00000000) refers (Special) to libshutdown2.o(.ARM.Collect$$libshutdown$$0000000A) for __rt_lib_shutdown_signal_1
    libshutdown.o(.ARM.Collect$$libshutdown$$00000000) refers (Special) to libshutdown2.o(.ARM.Collect$$libshutdown$$00000004) for __rt_lib_shutdown_stdio_1
    libshutdown.o(.ARM.Collect$$libshutdown$$00000000) refers (Special) to libshutdown2.o(.ARM.Collect$$libshutdown$$0000000C) for __rt_lib_shutdown_user_alloc_1
    sys_command.o(.text) refers (Special) to use_no_semi.o(.text) for __I$use$semihosting
    sys_command.o(.text) refers (Special) to indicate_semi.o(.text) for __semihosting_library_function
    sys_command_hlt.o(.text) refers (Special) to use_no_semi.o(.text) for __I$use$semihosting
    sys_command_hlt.o(.text) refers (Special) to indicate_semi.o(.text) for __semihosting_library_function
    defsig_rtmem_outer.o(.text) refers to defsig_rtmem_inner.o(.text) for __rt_SIGRTMEM_inner
    defsig_rtmem_outer.o(.text) refers to defsig_exit.o(.text) for __sig_exit
    defsig_rtmem_formal.o(.text) refers to rt_raise.o(.text) for __rt_raise


==============================================================================

Removing Unused input sections from the image.

    Removing main.o(.text), (0 bytes).
    Removing main.o(.ARM.exidx.text.main), (8 bytes).
    Removing main.o(.ARM.exidx.text.reset_GPIO), (8 bytes).
    Removing main.o(.ARM.use_no_argv), (4 bytes).
    Removing gpiocheck.o(.text), (0 bytes).
    Removing gpiocheck.o(.ARM.exidx.text.check_GPIO), (8 bytes).
    Removing startup_ctboard.o(HEAP), (2048 bytes).
    Removing system_ctboard.o(.text), (0 bytes).
    Removing system_ctboard.o(.ARM.exidx.text.__system), (8 bytes).
    Removing system_ctboard.o(.ARM.exidx.text.system_enter_run), (8 bytes).
    Removing system_ctboard.o(.ARM.exidx.text.init_SystemClock), (8 bytes).
    Removing system_ctboard.o(.ARM.exidx.text.init_FPU), (8 bytes).
    Removing system_ctboard.o(.ARM.exidx.text.init_FMC_SRAM), (8 bytes).
    Removing system_ctboard.o(.ARM.exidx.text.init_LCD), (8 bytes).
    Removing system_ctboard.o(.text.system_enter_sleep), (2 bytes).
    Removing system_ctboard.o(.ARM.exidx.text.system_enter_sleep), (8 bytes).
    Removing system_ctboard.o(.text.system_enter_stop), (2 bytes).
    Removing system_ctboard.o(.ARM.exidx.text.system_enter_stop), (8 bytes).
    Removing system_ctboard.o(.text.system_enter_standby), (2 bytes).
    Removing system_ctboard.o(.ARM.exidx.text.system_enter_standby), (8 bytes).
    Removing hal_fmc.o(.text), (0 bytes).
    Removing hal_fmc.o(.text.hal_fmc_reset), (264 bytes).
    Removing hal_fmc.o(.ARM.exidx.text.hal_fmc_reset), (8 bytes).
    Removing hal_fmc.o(.ARM.exidx.text.hal_fmc_init_sram), (8 bytes).
    Removing hal_gpio.o(.text), (0 bytes).
    Removing hal_gpio.o(.text.hal_gpio_reset), (120 bytes).
    Removing hal_gpio.o(.ARM.exidx.text.hal_gpio_reset), (8 bytes).
    Removing hal_gpio.o(.text.hal_gpio_init_input), (126 bytes).
    Removing hal_gpio.o(.ARM.exidx.text.hal_gpio_init_input), (8 bytes).
    Removing hal_gpio.o(.ARM.exidx.text.intercept_overwrite_register), (8 bytes).
    Removing hal_gpio.o(.ARM.exidx.text.create_pattern_mask), (8 bytes).
    Removing hal_gpio.o(.text.hal_gpio_init_analog), (84 bytes).
    Removing hal_gpio.o(.ARM.exidx.text.hal_gpio_init_analog), (8 bytes).
    Removing hal_gpio.o(.ARM.exidx.text.hal_gpio_init_output), (8 bytes).
    Removing hal_gpio.o(.ARM.exidx.text.hal_gpio_init_alternate), (8 bytes).
    Removing hal_gpio.o(.text.hal_gpio_input_read), (14 bytes).
    Removing hal_gpio.o(.ARM.exidx.text.hal_gpio_input_read), (8 bytes).
    Removing hal_gpio.o(.text.hal_gpio_output_read), (14 bytes).
    Removing hal_gpio.o(.ARM.exidx.text.hal_gpio_output_read), (8 bytes).
    Removing hal_gpio.o(.text.hal_gpio_output_write), (42 bytes).
    Removing hal_gpio.o(.ARM.exidx.text.hal_gpio_output_write), (8 bytes).
    Removing hal_gpio.o(.text.hal_gpio_bit_set), (54 bytes).
    Removing hal_gpio.o(.ARM.exidx.text.hal_gpio_bit_set), (8 bytes).
    Removing hal_gpio.o(.text.hal_gpio_bit_reset), (54 bytes).
    Removing hal_gpio.o(.ARM.exidx.text.hal_gpio_bit_reset), (8 bytes).
    Removing hal_gpio.o(.text.hal_gpio_bit_toggle), (78 bytes).
    Removing hal_gpio.o(.ARM.exidx.text.hal_gpio_bit_toggle), (8 bytes).
    Removing hal_gpio.o(.text.hal_gpio_irq_set), (888 bytes).
    Removing hal_gpio.o(.ARM.exidx.text.hal_gpio_irq_set), (8 bytes).
    Removing hal_gpio.o(.text.get_syscfg_mask), (272 bytes).
    Removing hal_gpio.o(.ARM.exidx.text.get_syscfg_mask), (8 bytes).
    Removing hal_gpio.o(.text.hal_gpio_irq_status), (76 bytes).
    Removing hal_gpio.o(.ARM.exidx.text.hal_gpio_irq_status), (8 bytes).
    Removing hal_gpio.o(.text.hal_gpio_irq_clear), (28 bytes).
    Removing hal_gpio.o(.ARM.exidx.text.hal_gpio_irq_clear), (8 bytes).
    Removing hal_pwr.o(.text), (0 bytes).
    Removing hal_pwr.o(.text.hal_pwr_reset), (24 bytes).
    Removing hal_pwr.o(.ARM.exidx.text.hal_pwr_reset), (8 bytes).
    Removing hal_pwr.o(.text.hal_pwr_set_backup_domain), (164 bytes).
    Removing hal_pwr.o(.ARM.exidx.text.hal_pwr_set_backup_domain), (8 bytes).
    Removing hal_pwr.o(.text.hal_pwr_set_backup_access), (52 bytes).
    Removing hal_pwr.o(.ARM.exidx.text.hal_pwr_set_backup_access), (8 bytes).
    Removing hal_pwr.o(.text.hal_pwr_set_wakeup_pin), (52 bytes).
    Removing hal_pwr.o(.ARM.exidx.text.hal_pwr_set_wakeup_pin), (8 bytes).
    Removing hal_pwr.o(.text.hal_pwr_set_flash_powerdown), (52 bytes).
    Removing hal_pwr.o(.ARM.exidx.text.hal_pwr_set_flash_powerdown), (8 bytes).
    Removing hal_pwr.o(.ARM.exidx.text.hal_pwr_set_overdrive), (8 bytes).
    Removing hal_pwr.o(.text.hal_pwr_set_underdrive), (14 bytes).
    Removing hal_pwr.o(.ARM.exidx.text.hal_pwr_set_underdrive), (8 bytes).
    Removing hal_rcc.o(.text), (0 bytes).
    Removing hal_rcc.o(.ARM.exidx.text.hal_rcc_reset), (8 bytes).
    Removing hal_rcc.o(.text.hal_rcc_set_peripheral), (500 bytes).
    Removing hal_rcc.o(.ARM.exidx.text.hal_rcc_set_peripheral), (8 bytes).
    Removing hal_rcc.o(.ARM.exidx.text.hal_rcc_set_osc), (8 bytes).
    Removing hal_rcc.o(.ARM.exidx.text.hal_rcc_setup_pll), (8 bytes).
    Removing hal_rcc.o(.ARM.exidx.text.hal_rcc_setup_clock), (8 bytes).
    Removing hal_timer.o(.text), (0 bytes).
    Removing hal_timer.o(.text.hal_timer_reset), (356 bytes).
    Removing hal_timer.o(.ARM.exidx.text.hal_timer_reset), (8 bytes).
    Removing hal_timer.o(.text.get_irq_param), (912 bytes).
    Removing hal_timer.o(.ARM.exidx.text.get_irq_param), (8 bytes).
    Removing hal_timer.o(.text.hal_timer_init_base), (144 bytes).
    Removing hal_timer.o(.ARM.exidx.text.hal_timer_init_base), (8 bytes).
    Removing hal_timer.o(.text.hal_timer_init_clock), (124 bytes).
    Removing hal_timer.o(.ARM.exidx.text.hal_timer_init_clock), (8 bytes).
    Removing hal_timer.o(.text.hal_timer_init_input), (92 bytes).
    Removing hal_timer.o(.ARM.exidx.text.hal_timer_init_input), (8 bytes).
    Removing hal_timer.o(.text.set_channel_ccreg), (396 bytes).
    Removing hal_timer.o(.ARM.exidx.text.set_channel_ccreg), (8 bytes).
    Removing hal_timer.o(.text.set_channel_polarity), (96 bytes).
    Removing hal_timer.o(.ARM.exidx.text.set_channel_polarity), (8 bytes).
    Removing hal_timer.o(.text.hal_timer_channel_set), (108 bytes).
    Removing hal_timer.o(.ARM.exidx.text.hal_timer_channel_set), (8 bytes).
    Removing hal_timer.o(.text.hal_timer_init_output), (124 bytes).
    Removing hal_timer.o(.ARM.exidx.text.hal_timer_init_output), (8 bytes).
    Removing hal_timer.o(.text.hal_timer_compare_write), (216 bytes).
    Removing hal_timer.o(.ARM.exidx.text.hal_timer_compare_write), (8 bytes).
    Removing hal_timer.o(.text.adv_main_output_set), (48 bytes).
    Removing hal_timer.o(.ARM.exidx.text.adv_main_output_set), (8 bytes).
    Removing hal_timer.o(.text.hal_timer_start), (18 bytes).
    Removing hal_timer.o(.ARM.exidx.text.hal_timer_start), (8 bytes).
    Removing hal_timer.o(.text.hal_timer_stop), (18 bytes).
    Removing hal_timer.o(.ARM.exidx.text.hal_timer_stop), (8 bytes).
    Removing hal_timer.o(.text.hal_timer_irq_set), (168 bytes).
    Removing hal_timer.o(.ARM.exidx.text.hal_timer_irq_set), (8 bytes).
    Removing hal_timer.o(.text.hal_timer_irq_status), (70 bytes).
    Removing hal_timer.o(.ARM.exidx.text.hal_timer_irq_status), (8 bytes).
    Removing hal_timer.o(.text.hal_timer_dma_set), (52 bytes).
    Removing hal_timer.o(.ARM.exidx.text.hal_timer_dma_set), (8 bytes).
    Removing hal_timer.o(.text.hal_timer_irq_clear), (22 bytes).
    Removing hal_timer.o(.ARM.exidx.text.hal_timer_irq_clear), (8 bytes).
    Removing hal_timer.o(.text.hal_timer_counter_read), (52 bytes).
    Removing hal_timer.o(.ARM.exidx.text.hal_timer_counter_read), (8 bytes).
    Removing hal_timer.o(.text.hal_timer_reload_write), (56 bytes).
    Removing hal_timer.o(.ARM.exidx.text.hal_timer_reload_write), (8 bytes).
    Removing hal_timer.o(.text.hal_timer_prescaler_write), (72 bytes).
    Removing hal_timer.o(.ARM.exidx.text.hal_timer_prescaler_write), (8 bytes).
    Removing hal_timer.o(.text.hal_timer_compare_read), (208 bytes).
    Removing hal_timer.o(.ARM.exidx.text.hal_timer_compare_read), (8 bytes).
    Removing hal_timer.o(.rodata.str1.1), (401 bytes).

120 unused section(s) (total 9295 bytes) removed from the image.

==============================================================================

Image Symbol Table

    Local Symbols

    Symbol Name                              Value     Ov Type        Size  Object(Section)

    ../clib/angel/boardlib.s                 0x00000000   Number         0  boardinit1.o ABSOLUTE
    ../clib/angel/boardlib.s                 0x00000000   Number         0  boardinit2.o ABSOLUTE
    ../clib/angel/boardlib.s                 0x00000000   Number         0  boardinit3.o ABSOLUTE
    ../clib/angel/boardlib.s                 0x00000000   Number         0  boardshut.o ABSOLUTE
    ../clib/angel/handlers.s                 0x00000000   Number         0  __scatter_zi.o ABSOLUTE
    ../clib/angel/kernel.s                   0x00000000   Number         0  __rtentry.o ABSOLUTE
    ../clib/angel/kernel.s                   0x00000000   Number         0  __rtentry2.o ABSOLUTE
    ../clib/angel/kernel.s                   0x00000000   Number         0  __rtentry4.o ABSOLUTE
    ../clib/angel/kernel.s                   0x00000000   Number         0  rtexit.o ABSOLUTE
    ../clib/angel/kernel.s                   0x00000000   Number         0  rtexit2.o ABSOLUTE
    ../clib/angel/rt.s                       0x00000000   Number         0  aeabi_idiv0.o ABSOLUTE
    ../clib/angel/rt.s                       0x00000000   Number         0  aeabi_idiv0_sigfpe.o ABSOLUTE
    ../clib/angel/rt.s                       0x00000000   Number         0  rt_div0.o ABSOLUTE
    ../clib/angel/rt.s                       0x00000000   Number         0  rt_raise.o ABSOLUTE
    ../clib/angel/scatterp.s                 0x00000000   Number         0  __scatter.o ABSOLUTE
    ../clib/angel/sys.s                      0x00000000   Number         0  use_no_semi.o ABSOLUTE
    ../clib/angel/sys.s                      0x00000000   Number         0  indicate_semi.o ABSOLUTE
    ../clib/angel/sysapp.c                   0x00000000   Number         0  sys_wrch.o ABSOLUTE
    ../clib/angel/sysapp.c                   0x00000000   Number         0  sys_exit.o ABSOLUTE
    ../clib/angel/sysapp.c                   0x00000000   Number         0  sys_wrch_hlt.o ABSOLUTE
    ../clib/angel/sysapp.c                   0x00000000   Number         0  sys_exit_hlt.o ABSOLUTE
    ../clib/angel/sysapp.c                   0x00000000   Number         0  sys_command.o ABSOLUTE
    ../clib/angel/sysapp.c                   0x00000000   Number         0  sys_command_hlt.o ABSOLUTE
    ../clib/armsys.c                         0x00000000   Number         0  argv_veneer.o ABSOLUTE
    ../clib/armsys.c                         0x00000000   Number         0  _get_argv_nomalloc.o ABSOLUTE
    ../clib/armsys.c                         0x00000000   Number         0  no_argv.o ABSOLUTE
    ../clib/assert.c                         0x00000000   Number         0  assert.o ABSOLUTE
    ../clib/assert.c                         0x00000000   Number         0  assert_puts.o ABSOLUTE
    ../clib/division.s                       0x00000000   Number         0  aeabi_sdiv.o ABSOLUTE
    ../clib/division.s                       0x00000000   Number         0  aeabi_sdiv_div0.o ABSOLUTE
    ../clib/heapalloc.c                      0x00000000   Number         0  hrguard.o ABSOLUTE
    ../clib/libinit.s                        0x00000000   Number         0  libinit.o ABSOLUTE
    ../clib/libinit.s                        0x00000000   Number         0  libinit2.o ABSOLUTE
    ../clib/libinit.s                        0x00000000   Number         0  libshutdown.o ABSOLUTE
    ../clib/libinit.s                        0x00000000   Number         0  libshutdown2.o ABSOLUTE
    ../clib/signal.c                         0x00000000   Number         0  defsig_abrt_outer.o ABSOLUTE
    ../clib/signal.c                         0x00000000   Number         0  defsig_abrt_formal.o ABSOLUTE
    ../clib/signal.c                         0x00000000   Number         0  defsig_exit.o ABSOLUTE
    ../clib/signal.c                         0x00000000   Number         0  defsig_abrt_inner.o ABSOLUTE
    ../clib/signal.c                         0x00000000   Number         0  defsig_fpe_outer.o ABSOLUTE
    ../clib/signal.c                         0x00000000   Number         0  defsig_fpe_formal.o ABSOLUTE
    ../clib/signal.c                         0x00000000   Number         0  __raise.o ABSOLUTE
    ../clib/signal.c                         0x00000000   Number         0  defsig_general.o ABSOLUTE
    ../clib/signal.c                         0x00000000   Number         0  defsig_fpe_inner.o ABSOLUTE
    ../clib/signal.c                         0x00000000   Number         0  defsig_rtred_inner.o ABSOLUTE
    ../clib/signal.c                         0x00000000   Number         0  defsig_rtmem_inner.o ABSOLUTE
    ../clib/signal.c                         0x00000000   Number         0  defsig_stak_inner.o ABSOLUTE
    ../clib/signal.c                         0x00000000   Number         0  defsig_pvfn_inner.o ABSOLUTE
    ../clib/signal.c                         0x00000000   Number         0  defsig_cppl_inner.o ABSOLUTE
    ../clib/signal.c                         0x00000000   Number         0  defsig_segv_inner.o ABSOLUTE
    ../clib/signal.c                         0x00000000   Number         0  defsig_other.o ABSOLUTE
    ../clib/signal.c                         0x00000000   Number         0  defsig_rtmem_outer.o ABSOLUTE
    ../clib/signal.c                         0x00000000   Number         0  defsig_rtmem_formal.o ABSOLUTE
    ../clib/signal.s                         0x00000000   Number         0  defsig.o ABSOLUTE
    ../clib/stdlib.c                         0x00000000   Number         0  abort.o ABSOLUTE
    ../clib/stdlib.c                         0x00000000   Number         0  exit.o ABSOLUTE
    ../fplib/cfplib/fpinit.c                 0x00000000   Number         0  fpinit.o ABSOLUTE
    RTE/Device/CT_Board_HS14_M0/datainit_ctboard.s 0x00000000   Number         0  datainit_ctboard.o ABSOLUTE
    RTE/Device/CT_Board_HS14_M0/startup_ctboard.s 0x00000000   Number         0  startup_ctboard.o ABSOLUTE
    dc.s                                     0x00000000   Number         0  dc.o ABSOLUTE
    gpiocheck.c                              0x00000000   Number         0  gpiocheck.o ABSOLUTE
    hal_fmc.c                                0x00000000   Number         0  hal_fmc.o ABSOLUTE
    hal_gpio.c                               0x00000000   Number         0  hal_gpio.o ABSOLUTE
    hal_pwr.c                                0x00000000   Number         0  hal_pwr.o ABSOLUTE
    hal_rcc.c                                0x00000000   Number         0  hal_rcc.o ABSOLUTE
    hal_timer.c                              0x00000000   Number         0  hal_timer.o ABSOLUTE
    main.c                                   0x00000000   Number         0  main.o ABSOLUTE
    system_ctboard.c                         0x00000000   Number         0  system_ctboard.o ABSOLUTE
    RESET                                    0x08000000   Section      428  startup_ctboard.o(RESET)
    !!!scatter                               0x080001ac   Section       60  __scatter.o(!!!scatter)
    !!handler_zi                             0x080001e8   Section       28  __scatter_zi.o(!!handler_zi)
    .ARM.Collect$$libinit$$00000000          0x08000204   Section        2  libinit.o(.ARM.Collect$$libinit$$00000000)
    .ARM.Collect$$libinit$$00000002          0x08000206   Section        0  libinit2.o(.ARM.Collect$$libinit$$00000002)
    .ARM.Collect$$libinit$$00000004          0x08000206   Section        0  libinit2.o(.ARM.Collect$$libinit$$00000004)
    .ARM.Collect$$libinit$$00000006          0x08000206   Section        0  libinit2.o(.ARM.Collect$$libinit$$00000006)
    .ARM.Collect$$libinit$$0000000C          0x08000206   Section        0  libinit2.o(.ARM.Collect$$libinit$$0000000C)
    .ARM.Collect$$libinit$$0000000E          0x08000206   Section        0  libinit2.o(.ARM.Collect$$libinit$$0000000E)
    .ARM.Collect$$libinit$$00000010          0x08000206   Section        0  libinit2.o(.ARM.Collect$$libinit$$00000010)
    .ARM.Collect$$libinit$$00000013          0x08000206   Section        0  libinit2.o(.ARM.Collect$$libinit$$00000013)
    .ARM.Collect$$libinit$$00000015          0x08000206   Section        0  libinit2.o(.ARM.Collect$$libinit$$00000015)
    .ARM.Collect$$libinit$$00000017          0x08000206   Section        0  libinit2.o(.ARM.Collect$$libinit$$00000017)
    .ARM.Collect$$libinit$$00000019          0x08000206   Section        0  libinit2.o(.ARM.Collect$$libinit$$00000019)
    .ARM.Collect$$libinit$$0000001B          0x08000206   Section        0  libinit2.o(.ARM.Collect$$libinit$$0000001B)
    .ARM.Collect$$libinit$$0000001D          0x08000206   Section        0  libinit2.o(.ARM.Collect$$libinit$$0000001D)
    .ARM.Collect$$libinit$$0000001F          0x08000206   Section        0  libinit2.o(.ARM.Collect$$libinit$$0000001F)
    .ARM.Collect$$libinit$$00000021          0x08000206   Section        0  libinit2.o(.ARM.Collect$$libinit$$00000021)
    .ARM.Collect$$libinit$$00000023          0x08000206   Section        0  libinit2.o(.ARM.Collect$$libinit$$00000023)
    .ARM.Collect$$libinit$$00000025          0x08000206   Section        0  libinit2.o(.ARM.Collect$$libinit$$00000025)
    .ARM.Collect$$libinit$$00000027          0x08000206   Section        0  libinit2.o(.ARM.Collect$$libinit$$00000027)
    .ARM.Collect$$libinit$$0000002E          0x08000206   Section        0  libinit2.o(.ARM.Collect$$libinit$$0000002E)
    .ARM.Collect$$libinit$$00000030          0x08000206   Section        0  libinit2.o(.ARM.Collect$$libinit$$00000030)
    .ARM.Collect$$libinit$$00000032          0x08000206   Section        0  libinit2.o(.ARM.Collect$$libinit$$00000032)
    .ARM.Collect$$libinit$$00000034          0x08000206   Section        0  libinit2.o(.ARM.Collect$$libinit$$00000034)
    .ARM.Collect$$libinit$$00000035          0x08000206   Section        2  libinit2.o(.ARM.Collect$$libinit$$00000035)
    .ARM.Collect$$libshutdown$$00000000      0x08000208   Section        2  libshutdown.o(.ARM.Collect$$libshutdown$$00000000)
    .ARM.Collect$$libshutdown$$00000002      0x0800020a   Section        0  libshutdown2.o(.ARM.Collect$$libshutdown$$00000002)
    .ARM.Collect$$libshutdown$$00000004      0x0800020a   Section        0  libshutdown2.o(.ARM.Collect$$libshutdown$$00000004)
    .ARM.Collect$$libshutdown$$00000007      0x0800020a   Section        0  libshutdown2.o(.ARM.Collect$$libshutdown$$00000007)
    .ARM.Collect$$libshutdown$$0000000A      0x0800020a   Section        0  libshutdown2.o(.ARM.Collect$$libshutdown$$0000000A)
    .ARM.Collect$$libshutdown$$0000000C      0x0800020a   Section        0  libshutdown2.o(.ARM.Collect$$libshutdown$$0000000C)
    .ARM.Collect$$libshutdown$$0000000F      0x0800020a   Section        0  libshutdown2.o(.ARM.Collect$$libshutdown$$0000000F)
    .ARM.Collect$$libshutdown$$00000010      0x0800020a   Section        2  libshutdown2.o(.ARM.Collect$$libshutdown$$00000010)
    .ARM.Collect$$rtentry$$00000000          0x0800020c   Section        0  __rtentry.o(.ARM.Collect$$rtentry$$00000000)
    .ARM.Collect$$rtentry$$00000002          0x0800020c   Section        0  __rtentry2.o(.ARM.Collect$$rtentry$$00000002)
    .ARM.Collect$$rtentry$$00000004          0x0800020c   Section        6  __rtentry4.o(.ARM.Collect$$rtentry$$00000004)
    .ARM.Collect$$rtentry$$00000009          0x08000212   Section        0  __rtentry2.o(.ARM.Collect$$rtentry$$00000009)
    .ARM.Collect$$rtentry$$0000000A          0x08000212   Section        4  __rtentry2.o(.ARM.Collect$$rtentry$$0000000A)
    .ARM.Collect$$rtentry$$0000000C          0x08000216   Section        0  __rtentry2.o(.ARM.Collect$$rtentry$$0000000C)
    .ARM.Collect$$rtentry$$0000000D          0x08000216   Section        8  __rtentry2.o(.ARM.Collect$$rtentry$$0000000D)
    .ARM.Collect$$rtexit$$00000000           0x0800021e   Section        2  rtexit.o(.ARM.Collect$$rtexit$$00000000)
    .ARM.Collect$$rtexit$$00000002           0x08000220   Section        0  rtexit2.o(.ARM.Collect$$rtexit$$00000002)
    .ARM.Collect$$rtexit$$00000003           0x08000220   Section        4  rtexit2.o(.ARM.Collect$$rtexit$$00000003)
    .ARM.Collect$$rtexit$$00000004           0x08000224   Section        6  rtexit2.o(.ARM.Collect$$rtexit$$00000004)
    .text                                    0x0800022c   Section       40  datainit_ctboard.o(.text)
    .text                                    0x08000254   Section       36  startup_ctboard.o(.text)
    .text                                    0x08000278   Section        0  assert.o(.text)
    .text                                    0x080002f4   Section      364  aeabi_sdiv.o(.text)
    .text                                    0x08000460   Section        0  abort.o(.text)
    .text                                    0x08000474   Section        0  assert_puts.o(.text)
    .text                                    0x08000488   Section        0  sys_wrch.o(.text)
    .text                                    0x08000494   Section        0  sys_exit.o(.text)
    .text                                    0x080004a0   Section        0  defsig_abrt_outer.o(.text)
    .text                                    0x080004ac   Section        2  use_no_semi.o(.text)
    .text                                    0x080004ae   Section        0  indicate_semi.o(.text)
    .text                                    0x080004ae   Section        0  exit.o(.text)
    .text                                    0x080004be   Section        0  defsig_exit.o(.text)
    .text                                    0x080004cc   Section        0  defsig_abrt_inner.o(.text)
    .text                                    0x080004fc   Section        0  defsig_general.o(.text)
    [Anonymous Symbol]                       0x08000530   Section        0  system_ctboard.o(.text.__system)
    [Anonymous Symbol]                       0x08000538   Section        0  gpiocheck.o(.text.check_GPIO)
    __arm_cp.0_0                             0x080005f4   Number         4  gpiocheck.o(.text.check_GPIO)
    __arm_cp.0_1                             0x080005f8   Number         4  gpiocheck.o(.text.check_GPIO)
    __arm_cp.0_2                             0x080005fc   Number         4  gpiocheck.o(.text.check_GPIO)
    __arm_cp.0_3                             0x08000600   Number         4  gpiocheck.o(.text.check_GPIO)
    __arm_cp.0_4                             0x08000604   Number         4  gpiocheck.o(.text.check_GPIO)
    __arm_cp.0_5                             0x08000608   Number         4  gpiocheck.o(.text.check_GPIO)
    __arm_cp.0_6                             0x0800060c   Number         4  gpiocheck.o(.text.check_GPIO)
    __arm_cp.0_7                             0x08000610   Number         4  gpiocheck.o(.text.check_GPIO)
    __arm_cp.0_8                             0x08000614   Number         4  gpiocheck.o(.text.check_GPIO)
    __arm_cp.0_9                             0x08000618   Number         4  gpiocheck.o(.text.check_GPIO)
    create_pattern_mask                      0x0800061d   Thumb Code   156  hal_gpio.o(.text.create_pattern_mask)
    [Anonymous Symbol]                       0x0800061c   Section        0  hal_gpio.o(.text.create_pattern_mask)
    [Anonymous Symbol]                       0x080006b8   Section        0  hal_fmc.o(.text.hal_fmc_init_sram)
    __arm_cp.1_0                             0x0800095c   Number         4  hal_fmc.o(.text.hal_fmc_init_sram)
    __arm_cp.1_1                             0x08000960   Number         4  hal_fmc.o(.text.hal_fmc_init_sram)
    __arm_cp.1_2                             0x08000964   Number         4  hal_fmc.o(.text.hal_fmc_init_sram)
    __arm_cp.1_3                             0x08000968   Number         4  hal_fmc.o(.text.hal_fmc_init_sram)
    __arm_cp.1_4                             0x0800096c   Number         4  hal_fmc.o(.text.hal_fmc_init_sram)
    __arm_cp.1_5                             0x08000970   Number         4  hal_fmc.o(.text.hal_fmc_init_sram)
    __arm_cp.1_6                             0x08000974   Number         4  hal_fmc.o(.text.hal_fmc_init_sram)
    __arm_cp.1_7                             0x08000978   Number         4  hal_fmc.o(.text.hal_fmc_init_sram)
    __arm_cp.1_8                             0x0800097c   Number         4  hal_fmc.o(.text.hal_fmc_init_sram)
    [Anonymous Symbol]                       0x08000980   Section        0  hal_gpio.o(.text.hal_gpio_init_alternate)
    [Anonymous Symbol]                       0x08000a42   Section        0  hal_gpio.o(.text.hal_gpio_init_output)
    [Anonymous Symbol]                       0x08000b12   Section        0  hal_pwr.o(.text.hal_pwr_set_overdrive)
    [Anonymous Symbol]                       0x08000b20   Section        0  hal_rcc.o(.text.hal_rcc_reset)
    __arm_cp.0_1                             0x08000bb4   Number         4  hal_rcc.o(.text.hal_rcc_reset)
    __arm_cp.0_4                             0x08000bb8   Number         4  hal_rcc.o(.text.hal_rcc_reset)
    __arm_cp.0_5                             0x08000bbc   Number         4  hal_rcc.o(.text.hal_rcc_reset)
    __arm_cp.0_6                             0x08000bc0   Number         4  hal_rcc.o(.text.hal_rcc_reset)
    __arm_cp.0_7                             0x08000bc4   Number         4  hal_rcc.o(.text.hal_rcc_reset)
    __arm_cp.0_8                             0x08000bc8   Number         4  hal_rcc.o(.text.hal_rcc_reset)
    __arm_cp.0_9                             0x08000bcc   Number         4  hal_rcc.o(.text.hal_rcc_reset)
    __arm_cp.0_10                            0x08000bd0   Number         4  hal_rcc.o(.text.hal_rcc_reset)
    __arm_cp.0_11                            0x08000bd4   Number         4  hal_rcc.o(.text.hal_rcc_reset)
    __arm_cp.0_12                            0x08000bd8   Number         4  hal_rcc.o(.text.hal_rcc_reset)
    __arm_cp.0_13                            0x08000bdc   Number         4  hal_rcc.o(.text.hal_rcc_reset)
    __arm_cp.0_14                            0x08000be0   Number         4  hal_rcc.o(.text.hal_rcc_reset)
    __arm_cp.0_15                            0x08000be4   Number         4  hal_rcc.o(.text.hal_rcc_reset)
    __arm_cp.0_16                            0x08000be8   Number         4  hal_rcc.o(.text.hal_rcc_reset)
    __arm_cp.0_17                            0x08000bec   Number         4  hal_rcc.o(.text.hal_rcc_reset)
    __arm_cp.0_18                            0x08000bf0   Number         4  hal_rcc.o(.text.hal_rcc_reset)
    __arm_cp.0_19                            0x08000bf4   Number         4  hal_rcc.o(.text.hal_rcc_reset)
    __arm_cp.0_20                            0x08000bf8   Number         4  hal_rcc.o(.text.hal_rcc_reset)
    __arm_cp.0_21                            0x08000bfc   Number         4  hal_rcc.o(.text.hal_rcc_reset)
    __arm_cp.0_22                            0x08000c00   Number         4  hal_rcc.o(.text.hal_rcc_reset)
    __arm_cp.0_23                            0x08000c04   Number         4  hal_rcc.o(.text.hal_rcc_reset)
    __arm_cp.0_24                            0x08000c08   Number         4  hal_rcc.o(.text.hal_rcc_reset)
    __arm_cp.0_25                            0x08000c0c   Number         4  hal_rcc.o(.text.hal_rcc_reset)
    __arm_cp.0_26                            0x08000c10   Number         4  hal_rcc.o(.text.hal_rcc_reset)
    __arm_cp.0_27                            0x08000c14   Number         4  hal_rcc.o(.text.hal_rcc_reset)
    __arm_cp.0_28                            0x08000c18   Number         4  hal_rcc.o(.text.hal_rcc_reset)
    __arm_cp.0_29                            0x08000c1c   Number         4  hal_rcc.o(.text.hal_rcc_reset)
    __arm_cp.0_30                            0x08000c20   Number         4  hal_rcc.o(.text.hal_rcc_reset)
    __arm_cp.0_31                            0x08000c24   Number         4  hal_rcc.o(.text.hal_rcc_reset)
    [Anonymous Symbol]                       0x08000c28   Section        0  hal_rcc.o(.text.hal_rcc_set_osc)
    __arm_cp.2_0                             0x08000d34   Number         4  hal_rcc.o(.text.hal_rcc_set_osc)
    __arm_cp.2_1                             0x08000d38   Number         4  hal_rcc.o(.text.hal_rcc_set_osc)
    __arm_cp.2_2                             0x08000d3c   Number         4  hal_rcc.o(.text.hal_rcc_set_osc)
    [Anonymous Symbol]                       0x08000d40   Section        0  hal_rcc.o(.text.hal_rcc_setup_clock)
    __arm_cp.4_0                             0x08000ed4   Number         4  hal_rcc.o(.text.hal_rcc_setup_clock)
    __arm_cp.4_1                             0x08000ed8   Number         4  hal_rcc.o(.text.hal_rcc_setup_clock)
    __arm_cp.4_2                             0x08000edc   Number         4  hal_rcc.o(.text.hal_rcc_setup_clock)
    [Anonymous Symbol]                       0x08000ee0   Section        0  hal_rcc.o(.text.hal_rcc_setup_pll)
    __arm_cp.3_0                             0x08001124   Number         4  hal_rcc.o(.text.hal_rcc_setup_pll)
    __arm_cp.3_1                             0x08001128   Number         4  hal_rcc.o(.text.hal_rcc_setup_pll)
    __arm_cp.3_2                             0x0800112c   Number         4  hal_rcc.o(.text.hal_rcc_setup_pll)
    __arm_cp.3_3                             0x08001130   Number         4  hal_rcc.o(.text.hal_rcc_setup_pll)
    __arm_cp.3_4                             0x08001134   Number         4  hal_rcc.o(.text.hal_rcc_setup_pll)
    __arm_cp.3_5                             0x08001138   Number         4  hal_rcc.o(.text.hal_rcc_setup_pll)
    __arm_cp.3_6                             0x0800113c   Number         4  hal_rcc.o(.text.hal_rcc_setup_pll)
    __arm_cp.3_7                             0x08001140   Number         4  hal_rcc.o(.text.hal_rcc_setup_pll)
    init_FMC_SRAM                            0x08001145   Thumb Code   340  system_ctboard.o(.text.init_FMC_SRAM)
    [Anonymous Symbol]                       0x08001144   Section        0  system_ctboard.o(.text.init_FMC_SRAM)
    __arm_cp.4_1                             0x08001298   Number         4  system_ctboard.o(.text.init_FMC_SRAM)
    __arm_cp.4_2                             0x0800129c   Number         4  system_ctboard.o(.text.init_FMC_SRAM)
    __arm_cp.4_3                             0x080012a0   Number         4  system_ctboard.o(.text.init_FMC_SRAM)
    __arm_cp.4_4                             0x080012a4   Number         4  system_ctboard.o(.text.init_FMC_SRAM)
    __arm_cp.4_5                             0x080012a8   Number         4  system_ctboard.o(.text.init_FMC_SRAM)
    __arm_cp.4_6                             0x080012ac   Number         4  system_ctboard.o(.text.init_FMC_SRAM)
    __arm_cp.4_7                             0x080012b0   Number         4  system_ctboard.o(.text.init_FMC_SRAM)
    __arm_cp.4_8                             0x080012b4   Number         4  system_ctboard.o(.text.init_FMC_SRAM)
    __arm_cp.4_9                             0x080012b8   Number         4  system_ctboard.o(.text.init_FMC_SRAM)
    init_FPU                                 0x080012bd   Thumb Code     2  system_ctboard.o(.text.init_FPU)
    [Anonymous Symbol]                       0x080012bc   Section        0  system_ctboard.o(.text.init_FPU)
    init_LCD                                 0x080012c1   Thumb Code    32  system_ctboard.o(.text.init_LCD)
    [Anonymous Symbol]                       0x080012c0   Section        0  system_ctboard.o(.text.init_LCD)
    __arm_cp.5_0                             0x080012e0   Number         4  system_ctboard.o(.text.init_LCD)
    init_SystemClock                         0x080012e5   Thumb Code   196  system_ctboard.o(.text.init_SystemClock)
    [Anonymous Symbol]                       0x080012e4   Section        0  system_ctboard.o(.text.init_SystemClock)
    __arm_cp.2_0                             0x080013a8   Number         4  system_ctboard.o(.text.init_SystemClock)
    __arm_cp.2_1                             0x080013ac   Number         4  system_ctboard.o(.text.init_SystemClock)
    __arm_cp.2_2                             0x080013b0   Number         4  system_ctboard.o(.text.init_SystemClock)
    __arm_cp.2_3                             0x080013b4   Number         4  system_ctboard.o(.text.init_SystemClock)
    __arm_cp.2_4                             0x080013b8   Number         4  system_ctboard.o(.text.init_SystemClock)
    intercept_overwrite_register             0x080013bd   Thumb Code    48  hal_gpio.o(.text.intercept_overwrite_register)
    [Anonymous Symbol]                       0x080013bc   Section        0  hal_gpio.o(.text.intercept_overwrite_register)
    __arm_cp.2_2                             0x080013ec   Number         4  hal_gpio.o(.text.intercept_overwrite_register)
    [Anonymous Symbol]                       0x080013f0   Section        0  main.o(.text.main)
    __arm_cp.0_0                             0x080014e0   Number         4  main.o(.text.main)
    __arm_cp.0_7                             0x080014e4   Number         4  main.o(.text.main)
    __arm_cp.0_8                             0x080014e8   Number         4  main.o(.text.main)
    __arm_cp.0_10                            0x080014ec   Number         4  main.o(.text.main)
    __arm_cp.0_11                            0x080014f0   Number         4  main.o(.text.main)
    __arm_cp.0_12                            0x080014f4   Number         4  main.o(.text.main)
    [Anonymous Symbol]                       0x080014f8   Section        0  main.o(.text.reset_GPIO)
    __arm_cp.1_0                             0x08001548   Number         4  main.o(.text.reset_GPIO)
    __arm_cp.1_1                             0x0800154c   Number         4  main.o(.text.reset_GPIO)
    __arm_cp.1_2                             0x08001550   Number         4  main.o(.text.reset_GPIO)
    __arm_cp.1_3                             0x08001554   Number         4  main.o(.text.reset_GPIO)
    __arm_cp.1_4                             0x08001558   Number         4  main.o(.text.reset_GPIO)
    __arm_cp.1_5                             0x0800155c   Number         4  main.o(.text.reset_GPIO)
    __arm_cp.1_6                             0x08001560   Number         4  main.o(.text.reset_GPIO)
    __arm_cp.1_7                             0x08001564   Number         4  main.o(.text.reset_GPIO)
    __arm_cp.1_8                             0x08001568   Number         4  main.o(.text.reset_GPIO)
    __arm_cp.1_9                             0x0800156c   Number         4  main.o(.text.reset_GPIO)
    __arm_cp.1_10                            0x08001570   Number         4  main.o(.text.reset_GPIO)
    __arm_cp.1_11                            0x08001574   Number         4  main.o(.text.reset_GPIO)
    __arm_cp.1_12                            0x08001578   Number         4  main.o(.text.reset_GPIO)
    __arm_cp.1_13                            0x0800157c   Number         4  main.o(.text.reset_GPIO)
    [Anonymous Symbol]                       0x08001580   Section        0  system_ctboard.o(.text.system_enter_run)
    [Anonymous Symbol]                       0x08001594   Section        0  hal_fmc.o(.rodata.str1.1)
    [Anonymous Symbol]                       0x0800162c   Section        0  hal_rcc.o(.rodata.str1.1)
    STACK                                    0x20000000   Section     8192  startup_ctboard.o(STACK)
    __initial_sp                             0x20002000   Data           0  startup_ctboard.o(STACK)

    Global Symbols

    Symbol Name                              Value     Ov Type        Size  Object(Section)

    BuildAttributes$$THM_ISAv3M$S$PE$A:L22$X:L11$S22$IEEE1$IW$~IW$USESV6$~STKCKD$USESV7$~SHL$OSPACE$ROPI$EBA8$UX$STANDARDLIB$REQ8$PRES8$EABIv2 0x00000000   Number         0  anon$$obj.o ABSOLUTE
    __ARM_exceptions_init                     - Undefined Weak Reference
    __alloca_initialize                       - Undefined Weak Reference
    __arm_preinit_                            - Undefined Weak Reference
    __arm_relocate_pie_                       - Undefined Weak Reference
    __cpp_initialize__aeabi_                  - Undefined Weak Reference
    __cxa_finalize                            - Undefined Weak Reference
    __rt_locale                               - Undefined Weak Reference
    __sigvec_lookup                           - Undefined Weak Reference
    _atexit_init                              - Undefined Weak Reference
    _call_atexit_fns                          - Undefined Weak Reference
    _clock_init                               - Undefined Weak Reference
    _fp_trap_init                             - Undefined Weak Reference
    _fp_trap_shutdown                         - Undefined Weak Reference
    _get_lc_collate                           - Undefined Weak Reference
    _get_lc_ctype                             - Undefined Weak Reference
    _get_lc_monetary                          - Undefined Weak Reference
    _get_lc_numeric                           - Undefined Weak Reference
    _get_lc_time                              - Undefined Weak Reference
    _getenv_init                              - Undefined Weak Reference
    _handle_redirection                       - Undefined Weak Reference
    _init_alloc                               - Undefined Weak Reference
    _init_user_alloc                          - Undefined Weak Reference
    _initio                                   - Undefined Weak Reference
    _rand_init                                - Undefined Weak Reference
    _signal_finish                            - Undefined Weak Reference
    _signal_init                              - Undefined Weak Reference
    _terminate_alloc                          - Undefined Weak Reference
    _terminate_user_alloc                     - Undefined Weak Reference
    _terminateio                              - Undefined Weak Reference
    __Vectors_Size                           0x000001ac   Number         0  startup_ctboard.o ABSOLUTE
    Stack_Size                               0x00002000   Number         0  startup_ctboard.o ABSOLUTE
    __Vectors                                0x08000000   Data           4  startup_ctboard.o(RESET)
    __Vectors_End                            0x080001ac   Data           0  startup_ctboard.o(RESET)
    __scatterload                            0x080001ad   Thumb Code     0  __scatter.o(!!!scatter)
    __scatterload_rt2                        0x080001ad   Thumb Code    52  __scatter.o(!!!scatter)
    __scatterload_rt2_thumb_only             0x080001ad   Thumb Code     0  __scatter.o(!!!scatter)
    __scatterload_null                       0x080001bd   Thumb Code     0  __scatter.o(!!!scatter)
    __scatterload_zeroinit                   0x080001e9   Thumb Code    28  __scatter_zi.o(!!handler_zi)
    __rt_lib_init                            0x08000205   Thumb Code     0  libinit.o(.ARM.Collect$$libinit$$00000000)
    __rt_lib_init_alloca_1                   0x08000207   Thumb Code     0  libinit2.o(.ARM.Collect$$libinit$$00000030)
    __rt_lib_init_argv_1                     0x08000207   Thumb Code     0  libinit2.o(.ARM.Collect$$libinit$$0000002E)
    __rt_lib_init_atexit_1                   0x08000207   Thumb Code     0  libinit2.o(.ARM.Collect$$libinit$$0000001D)
    __rt_lib_init_clock_1                    0x08000207   Thumb Code     0  libinit2.o(.ARM.Collect$$libinit$$00000023)
    __rt_lib_init_cpp_1                      0x08000207   Thumb Code     0  libinit2.o(.ARM.Collect$$libinit$$00000034)
    __rt_lib_init_exceptions_1               0x08000207   Thumb Code     0  libinit2.o(.ARM.Collect$$libinit$$00000032)
    __rt_lib_init_fp_1                       0x08000207   Thumb Code     0  libinit2.o(.ARM.Collect$$libinit$$00000002)
    __rt_lib_init_fp_trap_1                  0x08000207   Thumb Code     0  libinit2.o(.ARM.Collect$$libinit$$00000021)
    __rt_lib_init_getenv_1                   0x08000207   Thumb Code     0  libinit2.o(.ARM.Collect$$libinit$$00000025)
    __rt_lib_init_heap_1                     0x08000207   Thumb Code     0  libinit2.o(.ARM.Collect$$libinit$$0000000C)
    __rt_lib_init_lc_collate_1               0x08000207   Thumb Code     0  libinit2.o(.ARM.Collect$$libinit$$00000013)
    __rt_lib_init_lc_ctype_1                 0x08000207   Thumb Code     0  libinit2.o(.ARM.Collect$$libinit$$00000015)
    __rt_lib_init_lc_monetary_1              0x08000207   Thumb Code     0  libinit2.o(.ARM.Collect$$libinit$$00000017)
    __rt_lib_init_lc_numeric_1               0x08000207   Thumb Code     0  libinit2.o(.ARM.Collect$$libinit$$00000019)
    __rt_lib_init_lc_time_1                  0x08000207   Thumb Code     0  libinit2.o(.ARM.Collect$$libinit$$0000001B)
    __rt_lib_init_preinit_1                  0x08000207   Thumb Code     0  libinit2.o(.ARM.Collect$$libinit$$00000006)
    __rt_lib_init_rand_1                     0x08000207   Thumb Code     0  libinit2.o(.ARM.Collect$$libinit$$00000010)
    __rt_lib_init_relocate_pie_1             0x08000207   Thumb Code     0  libinit2.o(.ARM.Collect$$libinit$$00000004)
    __rt_lib_init_return                     0x08000207   Thumb Code     0  libinit2.o(.ARM.Collect$$libinit$$00000035)
    __rt_lib_init_signal_1                   0x08000207   Thumb Code     0  libinit2.o(.ARM.Collect$$libinit$$0000001F)
    __rt_lib_init_stdio_1                    0x08000207   Thumb Code     0  libinit2.o(.ARM.Collect$$libinit$$00000027)
    __rt_lib_init_user_alloc_1               0x08000207   Thumb Code     0  libinit2.o(.ARM.Collect$$libinit$$0000000E)
    __rt_lib_shutdown                        0x08000209   Thumb Code     0  libshutdown.o(.ARM.Collect$$libshutdown$$00000000)
    __rt_lib_shutdown_cpp_1                  0x0800020b   Thumb Code     0  libshutdown2.o(.ARM.Collect$$libshutdown$$00000002)
    __rt_lib_shutdown_fp_trap_1              0x0800020b   Thumb Code     0  libshutdown2.o(.ARM.Collect$$libshutdown$$00000007)
    __rt_lib_shutdown_heap_1                 0x0800020b   Thumb Code     0  libshutdown2.o(.ARM.Collect$$libshutdown$$0000000F)
    __rt_lib_shutdown_return                 0x0800020b   Thumb Code     0  libshutdown2.o(.ARM.Collect$$libshutdown$$00000010)
    __rt_lib_shutdown_signal_1               0x0800020b   Thumb Code     0  libshutdown2.o(.ARM.Collect$$libshutdown$$0000000A)
    __rt_lib_shutdown_stdio_1                0x0800020b   Thumb Code     0  libshutdown2.o(.ARM.Collect$$libshutdown$$00000004)
    __rt_lib_shutdown_user_alloc_1           0x0800020b   Thumb Code     0  libshutdown2.o(.ARM.Collect$$libshutdown$$0000000C)
    __rt_entry                               0x0800020d   Thumb Code     0  __rtentry.o(.ARM.Collect$$rtentry$$00000000)
    __rt_entry_presh_1                       0x0800020d   Thumb Code     0  __rtentry2.o(.ARM.Collect$$rtentry$$00000002)
    __rt_entry_sh                            0x0800020d   Thumb Code     0  __rtentry4.o(.ARM.Collect$$rtentry$$00000004)
    __rt_entry_li                            0x08000213   Thumb Code     0  __rtentry2.o(.ARM.Collect$$rtentry$$0000000A)
    __rt_entry_postsh_1                      0x08000213   Thumb Code     0  __rtentry2.o(.ARM.Collect$$rtentry$$00000009)
    __rt_entry_main                          0x08000217   Thumb Code     0  __rtentry2.o(.ARM.Collect$$rtentry$$0000000D)
    __rt_entry_postli_1                      0x08000217   Thumb Code     0  __rtentry2.o(.ARM.Collect$$rtentry$$0000000C)
    __rt_exit                                0x0800021f   Thumb Code     0  rtexit.o(.ARM.Collect$$rtexit$$00000000)
    __rt_exit_ls                             0x08000221   Thumb Code     0  rtexit2.o(.ARM.Collect$$rtexit$$00000003)
    __rt_exit_prels_1                        0x08000221   Thumb Code     0  rtexit2.o(.ARM.Collect$$rtexit$$00000002)
    __rt_exit_exit                           0x08000225   Thumb Code     0  rtexit2.o(.ARM.Collect$$rtexit$$00000004)
    __main                                   0x0800022d   Thumb Code     8  datainit_ctboard.o(.text)
    __user_setup_stackheap                   0x08000235   Thumb Code    16  datainit_ctboard.o(.text)
    Reset_Handler                            0x08000255   Thumb Code     8  startup_ctboard.o(.text)
    NMI_Handler                              0x0800025d   Thumb Code     2  startup_ctboard.o(.text)
    HardFault_Handler                        0x0800025f   Thumb Code     2  startup_ctboard.o(.text)
    MemManage_Handler                        0x08000261   Thumb Code     2  startup_ctboard.o(.text)
    BusFault_Handler                         0x08000263   Thumb Code     2  startup_ctboard.o(.text)
    UsageFault_Handler                       0x08000265   Thumb Code     2  startup_ctboard.o(.text)
    SVC_Handler                              0x08000267   Thumb Code     2  startup_ctboard.o(.text)
    DebugMon_Handler                         0x08000269   Thumb Code     2  startup_ctboard.o(.text)
    PendSV_Handler                           0x0800026b   Thumb Code     2  startup_ctboard.o(.text)
    SysTick_Handler                          0x0800026d   Thumb Code     2  startup_ctboard.o(.text)
    ADC_IRQHandler                           0x0800026f   Thumb Code     0  startup_ctboard.o(.text)
    CAN1_RX0_IRQHandler                      0x0800026f   Thumb Code     0  startup_ctboard.o(.text)
    CAN1_RX1_IRQHandler                      0x0800026f   Thumb Code     0  startup_ctboard.o(.text)
    CAN1_SCE_IRQHandler                      0x0800026f   Thumb Code     0  startup_ctboard.o(.text)
    CAN1_TX_IRQHandler                       0x0800026f   Thumb Code     0  startup_ctboard.o(.text)
    CAN2_RX0_IRQHandler                      0x0800026f   Thumb Code     0  startup_ctboard.o(.text)
    CAN2_RX1_IRQHandler                      0x0800026f   Thumb Code     0  startup_ctboard.o(.text)
    CAN2_SCE_IRQHandler                      0x0800026f   Thumb Code     0  startup_ctboard.o(.text)
    CAN2_TX_IRQHandler                       0x0800026f   Thumb Code     0  startup_ctboard.o(.text)
    CRYP_IRQHandler                          0x0800026f   Thumb Code     0  startup_ctboard.o(.text)
    DCMI_IRQHandler                          0x0800026f   Thumb Code     0  startup_ctboard.o(.text)
    DMA1_Stream0_IRQHandler                  0x0800026f   Thumb Code     0  startup_ctboard.o(.text)
    DMA1_Stream1_IRQHandler                  0x0800026f   Thumb Code     0  startup_ctboard.o(.text)
    DMA1_Stream2_IRQHandler                  0x0800026f   Thumb Code     0  startup_ctboard.o(.text)
    DMA1_Stream3_IRQHandler                  0x0800026f   Thumb Code     0  startup_ctboard.o(.text)
    DMA1_Stream4_IRQHandler                  0x0800026f   Thumb Code     0  startup_ctboard.o(.text)
    DMA1_Stream5_IRQHandler                  0x0800026f   Thumb Code     0  startup_ctboard.o(.text)
    DMA1_Stream6_IRQHandler                  0x0800026f   Thumb Code     0  startup_ctboard.o(.text)
    DMA1_Stream7_IRQHandler                  0x0800026f   Thumb Code     0  startup_ctboard.o(.text)
    DMA2D_IRQHandler                         0x0800026f   Thumb Code     0  startup_ctboard.o(.text)
    DMA2_Stream0_IRQHandler                  0x0800026f   Thumb Code     0  startup_ctboard.o(.text)
    DMA2_Stream1_IRQHandler                  0x0800026f   Thumb Code     0  startup_ctboard.o(.text)
    DMA2_Stream2_IRQHandler                  0x0800026f   Thumb Code     0  startup_ctboard.o(.text)
    DMA2_Stream3_IRQHandler                  0x0800026f   Thumb Code     0  startup_ctboard.o(.text)
    DMA2_Stream4_IRQHandler                  0x0800026f   Thumb Code     0  startup_ctboard.o(.text)
    DMA2_Stream5_IRQHandler                  0x0800026f   Thumb Code     0  startup_ctboard.o(.text)
    DMA2_Stream6_IRQHandler                  0x0800026f   Thumb Code     0  startup_ctboard.o(.text)
    DMA2_Stream7_IRQHandler                  0x0800026f   Thumb Code     0  startup_ctboard.o(.text)
    ETH_IRQHandler                           0x0800026f   Thumb Code     0  startup_ctboard.o(.text)
    ETH_WKUP_IRQHandler                      0x0800026f   Thumb Code     0  startup_ctboard.o(.text)
    EXTI0_IRQHandler                         0x0800026f   Thumb Code     0  startup_ctboard.o(.text)
    EXTI15_10_IRQHandler                     0x0800026f   Thumb Code     0  startup_ctboard.o(.text)
    EXTI1_IRQHandler                         0x0800026f   Thumb Code     0  startup_ctboard.o(.text)
    EXTI2_IRQHandler                         0x0800026f   Thumb Code     0  startup_ctboard.o(.text)
    EXTI3_IRQHandler                         0x0800026f   Thumb Code     0  startup_ctboard.o(.text)
    EXTI4_IRQHandler                         0x0800026f   Thumb Code     0  startup_ctboard.o(.text)
    EXTI9_5_IRQHandler                       0x0800026f   Thumb Code     0  startup_ctboard.o(.text)
    FLASH_IRQHandler                         0x0800026f   Thumb Code     0  startup_ctboard.o(.text)
    FMC_IRQHandler                           0x0800026f   Thumb Code     0  startup_ctboard.o(.text)
    FPU_IRQHandler                           0x0800026f   Thumb Code     0  startup_ctboard.o(.text)
    HASH_RNG_IRQHandler                      0x0800026f   Thumb Code     0  startup_ctboard.o(.text)
    I2C1_ER_IRQHandler                       0x0800026f   Thumb Code     0  startup_ctboard.o(.text)
    I2C1_EV_IRQHandler                       0x0800026f   Thumb Code     0  startup_ctboard.o(.text)
    I2C2_ER_IRQHandler                       0x0800026f   Thumb Code     0  startup_ctboard.o(.text)
    I2C2_EV_IRQHandler                       0x0800026f   Thumb Code     0  startup_ctboard.o(.text)
    I2C3_ER_IRQHandler                       0x0800026f   Thumb Code     0  startup_ctboard.o(.text)
    I2C3_EV_IRQHandler                       0x0800026f   Thumb Code     0  startup_ctboard.o(.text)
    LTDC_ER_IRQHandler                       0x0800026f   Thumb Code     0  startup_ctboard.o(.text)
    LTDC_IRQHandler                          0x0800026f   Thumb Code     0  startup_ctboard.o(.text)
    OTG_FS_IRQHandler                        0x0800026f   Thumb Code     0  startup_ctboard.o(.text)
    OTG_FS_WKUP_IRQHandler                   0x0800026f   Thumb Code     0  startup_ctboard.o(.text)
    OTG_HS_EP1_IN_IRQHandler                 0x0800026f   Thumb Code     0  startup_ctboard.o(.text)
    OTG_HS_EP1_OUT_IRQHandler                0x0800026f   Thumb Code     0  startup_ctboard.o(.text)
    OTG_HS_IRQHandler                        0x0800026f   Thumb Code     0  startup_ctboard.o(.text)
    OTG_HS_WKUP_IRQHandler                   0x0800026f   Thumb Code     0  startup_ctboard.o(.text)
    PVD_IRQHandler                           0x0800026f   Thumb Code     0  startup_ctboard.o(.text)
    RCC_IRQHandler                           0x0800026f   Thumb Code     0  startup_ctboard.o(.text)
    RTC_Alarm_IRQHandler                     0x0800026f   Thumb Code     0  startup_ctboard.o(.text)
    RTC_WKUP_IRQHandler                      0x0800026f   Thumb Code     0  startup_ctboard.o(.text)
    SAI1_IRQHandler                          0x0800026f   Thumb Code     0  startup_ctboard.o(.text)
    SDIO_IRQHandler                          0x0800026f   Thumb Code     0  startup_ctboard.o(.text)
    SPI1_IRQHandler                          0x0800026f   Thumb Code     0  startup_ctboard.o(.text)
    SPI2_IRQHandler                          0x0800026f   Thumb Code     0  startup_ctboard.o(.text)
    SPI3_IRQHandler                          0x0800026f   Thumb Code     0  startup_ctboard.o(.text)
    SPI4_IRQHandler                          0x0800026f   Thumb Code     0  startup_ctboard.o(.text)
    SPI5_IRQHandler                          0x0800026f   Thumb Code     0  startup_ctboard.o(.text)
    SPI6_IRQHandler                          0x0800026f   Thumb Code     0  startup_ctboard.o(.text)
    TAMP_STAMP_IRQHandler                    0x0800026f   Thumb Code     0  startup_ctboard.o(.text)
    TIM1_BRK_TIM9_IRQHandler                 0x0800026f   Thumb Code     0  startup_ctboard.o(.text)
    TIM1_CC_IRQHandler                       0x0800026f   Thumb Code     0  startup_ctboard.o(.text)
    TIM1_TRG_COM_TIM11_IRQHandler            0x0800026f   Thumb Code     0  startup_ctboard.o(.text)
    TIM1_UP_TIM10_IRQHandler                 0x0800026f   Thumb Code     0  startup_ctboard.o(.text)
    TIM2_IRQHandler                          0x0800026f   Thumb Code     0  startup_ctboard.o(.text)
    TIM3_IRQHandler                          0x0800026f   Thumb Code     0  startup_ctboard.o(.text)
    TIM4_IRQHandler                          0x0800026f   Thumb Code     0  startup_ctboard.o(.text)
    TIM5_IRQHandler                          0x0800026f   Thumb Code     0  startup_ctboard.o(.text)
    TIM6_DAC_IRQHandler                      0x0800026f   Thumb Code     0  startup_ctboard.o(.text)
    TIM7_IRQHandler                          0x0800026f   Thumb Code     0  startup_ctboard.o(.text)
    TIM8_BRK_TIM12_IRQHandler                0x0800026f   Thumb Code     0  startup_ctboard.o(.text)
    TIM8_CC_IRQHandler                       0x0800026f   Thumb Code     0  startup_ctboard.o(.text)
    TIM8_TRG_COM_TIM14_IRQHandler            0x0800026f   Thumb Code     0  startup_ctboard.o(.text)
    TIM8_UP_TIM13_IRQHandler                 0x0800026f   Thumb Code     0  startup_ctboard.o(.text)
    UART4_IRQHandler                         0x0800026f   Thumb Code     0  startup_ctboard.o(.text)
    UART5_IRQHandler                         0x0800026f   Thumb Code     0  startup_ctboard.o(.text)
    UART7_IRQHandler                         0x0800026f   Thumb Code     0  startup_ctboard.o(.text)
    UART8_IRQHandler                         0x0800026f   Thumb Code     0  startup_ctboard.o(.text)
    USART1_IRQHandler                        0x0800026f   Thumb Code     0  startup_ctboard.o(.text)
    USART2_IRQHandler                        0x0800026f   Thumb Code     0  startup_ctboard.o(.text)
    USART3_IRQHandler                        0x0800026f   Thumb Code     0  startup_ctboard.o(.text)
    USART6_IRQHandler                        0x0800026f   Thumb Code     0  startup_ctboard.o(.text)
    WWDG_IRQHandler                          0x0800026f   Thumb Code     0  startup_ctboard.o(.text)
    __aeabi_assert                           0x08000279   Thumb Code    82  assert.o(.text)
    __assert                                 0x08000279   Thumb Code     0  assert.o(.text)
    __aeabi_uidiv                            0x080002f5   Thumb Code     0  aeabi_sdiv.o(.text)
    __aeabi_uidivmod                         0x080002f5   Thumb Code    20  aeabi_sdiv.o(.text)
    __aeabi_idiv                             0x08000309   Thumb Code     0  aeabi_sdiv.o(.text)
    __aeabi_idivmod                          0x08000309   Thumb Code   338  aeabi_sdiv.o(.text)
    abort                                    0x08000461   Thumb Code    20  abort.o(.text)
    __assert_puts                            0x08000475   Thumb Code    20  assert_puts.o(.text)
    _ttywrch                                 0x08000489   Thumb Code    12  sys_wrch.o(.text)
    _sys_exit                                0x08000495   Thumb Code     8  sys_exit.o(.text)
    __rt_SIGABRT                             0x080004a1   Thumb Code    12  defsig_abrt_outer.o(.text)
    __I$use$semihosting                      0x080004ad   Thumb Code     0  use_no_semi.o(.text)
    __use_no_semihosting_swi                 0x080004ad   Thumb Code     2  use_no_semi.o(.text)
    __semihosting_library_function           0x080004af   Thumb Code     0  indicate_semi.o(.text)
    exit                                     0x080004af   Thumb Code    16  exit.o(.text)
    __sig_exit                               0x080004bf   Thumb Code    12  defsig_exit.o(.text)
    __rt_SIGABRT_inner                       0x080004cd   Thumb Code    14  defsig_abrt_inner.o(.text)
    __default_signal_display                 0x080004fd   Thumb Code    52  defsig_general.o(.text)
    __system                                 0x08000531   Thumb Code     8  system_ctboard.o(.text.__system)
    check_GPIO                               0x08000539   Thumb Code   188  gpiocheck.o(.text.check_GPIO)
    hal_fmc_init_sram                        0x080006b9   Thumb Code   676  hal_fmc.o(.text.hal_fmc_init_sram)
    hal_gpio_init_alternate                  0x08000981   Thumb Code   194  hal_gpio.o(.text.hal_gpio_init_alternate)
    hal_gpio_init_output                     0x08000a43   Thumb Code   208  hal_gpio.o(.text.hal_gpio_init_output)
    hal_pwr_set_overdrive                    0x08000b13   Thumb Code    14  hal_pwr.o(.text.hal_pwr_set_overdrive)
    hal_rcc_reset                            0x08000b21   Thumb Code   148  hal_rcc.o(.text.hal_rcc_reset)
    hal_rcc_set_osc                          0x08000c29   Thumb Code   268  hal_rcc.o(.text.hal_rcc_set_osc)
    hal_rcc_setup_clock                      0x08000d41   Thumb Code   404  hal_rcc.o(.text.hal_rcc_setup_clock)
    hal_rcc_setup_pll                        0x08000ee1   Thumb Code   580  hal_rcc.o(.text.hal_rcc_setup_pll)
    main                                     0x080013f1   Thumb Code   240  main.o(.text.main)
    reset_GPIO                               0x080014f9   Thumb Code    80  main.o(.text.reset_GPIO)
    system_enter_run                         0x08001581   Thumb Code    20  system_ctboard.o(.text.system_enter_run)
    Region$$Table$$Base                      0x08001774   Number         0  anon$$obj.o(Region$$Table)
    Region$$Table$$Limit                     0x08001784   Number         0  anon$$obj.o(Region$$Table)
    Stack_Mem                                0x20000000   Data        8192  startup_ctboard.o(STACK)



==============================================================================

Memory Map of the image

  Image Entry point : 0x08000255

  Load Region LR_IROM1 (Base: 0x08000000, Size: 0x00001784, Max: 0x00200000, ABSOLUTE)

    Execution Region ER_IROM1 (Exec base: 0x08000000, Load base: 0x08000000, Size: 0x00001784, Max: 0x00200000, ABSOLUTE)

    Exec Addr    Load Addr    Size         Type   Attr      Idx    E Section Name        Object

    0x08000000   0x08000000   0x000001ac   Data   RO           29    RESET               startup_ctboard.o
    0x080001ac   0x080001ac   0x0000003c   Code   RO          210    !!!scatter          c_p.l(__scatter.o)
    0x080001e8   0x080001e8   0x0000001c   Code   RO          388    !!handler_zi        c_p.l(__scatter_zi.o)
    0x08000204   0x08000204   0x00000002   Code   RO          270    .ARM.Collect$$libinit$$00000000  c_p.l(libinit.o)
    0x08000206   0x08000206   0x00000000   Code   RO          280    .ARM.Collect$$libinit$$00000002  c_p.l(libinit2.o)
    0x08000206   0x08000206   0x00000000   Code   RO          282    .ARM.Collect$$libinit$$00000004  c_p.l(libinit2.o)
    0x08000206   0x08000206   0x00000000   Code   RO          284    .ARM.Collect$$libinit$$00000006  c_p.l(libinit2.o)
    0x08000206   0x08000206   0x00000000   Code   RO          287    .ARM.Collect$$libinit$$0000000C  c_p.l(libinit2.o)
    0x08000206   0x08000206   0x00000000   Code   RO          289    .ARM.Collect$$libinit$$0000000E  c_p.l(libinit2.o)
    0x08000206   0x08000206   0x00000000   Code   RO          291    .ARM.Collect$$libinit$$00000010  c_p.l(libinit2.o)
    0x08000206   0x08000206   0x00000000   Code   RO          294    .ARM.Collect$$libinit$$00000013  c_p.l(libinit2.o)
    0x08000206   0x08000206   0x00000000   Code   RO          296    .ARM.Collect$$libinit$$00000015  c_p.l(libinit2.o)
    0x08000206   0x08000206   0x00000000   Code   RO          298    .ARM.Collect$$libinit$$00000017  c_p.l(libinit2.o)
    0x08000206   0x08000206   0x00000000   Code   RO          300    .ARM.Collect$$libinit$$00000019  c_p.l(libinit2.o)
    0x08000206   0x08000206   0x00000000   Code   RO          302    .ARM.Collect$$libinit$$0000001B  c_p.l(libinit2.o)
    0x08000206   0x08000206   0x00000000   Code   RO          304    .ARM.Collect$$libinit$$0000001D  c_p.l(libinit2.o)
    0x08000206   0x08000206   0x00000000   Code   RO          306    .ARM.Collect$$libinit$$0000001F  c_p.l(libinit2.o)
    0x08000206   0x08000206   0x00000000   Code   RO          308    .ARM.Collect$$libinit$$00000021  c_p.l(libinit2.o)
    0x08000206   0x08000206   0x00000000   Code   RO          310    .ARM.Collect$$libinit$$00000023  c_p.l(libinit2.o)
    0x08000206   0x08000206   0x00000000   Code   RO          312    .ARM.Collect$$libinit$$00000025  c_p.l(libinit2.o)
    0x08000206   0x08000206   0x00000000   Code   RO          314    .ARM.Collect$$libinit$$00000027  c_p.l(libinit2.o)
    0x08000206   0x08000206   0x00000000   Code   RO          318    .ARM.Collect$$libinit$$0000002E  c_p.l(libinit2.o)
    0x08000206   0x08000206   0x00000000   Code   RO          320    .ARM.Collect$$libinit$$00000030  c_p.l(libinit2.o)
    0x08000206   0x08000206   0x00000000   Code   RO          322    .ARM.Collect$$libinit$$00000032  c_p.l(libinit2.o)
    0x08000206   0x08000206   0x00000000   Code   RO          324    .ARM.Collect$$libinit$$00000034  c_p.l(libinit2.o)
    0x08000206   0x08000206   0x00000002   Code   RO          325    .ARM.Collect$$libinit$$00000035  c_p.l(libinit2.o)
    0x08000208   0x08000208   0x00000002   Code   RO          359    .ARM.Collect$$libshutdown$$00000000  c_p.l(libshutdown.o)
    0x0800020a   0x0800020a   0x00000000   Code   RO          371    .ARM.Collect$$libshutdown$$00000002  c_p.l(libshutdown2.o)
    0x0800020a   0x0800020a   0x00000000   Code   RO          373    .ARM.Collect$$libshutdown$$00000004  c_p.l(libshutdown2.o)
    0x0800020a   0x0800020a   0x00000000   Code   RO          376    .ARM.Collect$$libshutdown$$00000007  c_p.l(libshutdown2.o)
    0x0800020a   0x0800020a   0x00000000   Code   RO          379    .ARM.Collect$$libshutdown$$0000000A  c_p.l(libshutdown2.o)
    0x0800020a   0x0800020a   0x00000000   Code   RO          381    .ARM.Collect$$libshutdown$$0000000C  c_p.l(libshutdown2.o)
    0x0800020a   0x0800020a   0x00000000   Code   RO          384    .ARM.Collect$$libshutdown$$0000000F  c_p.l(libshutdown2.o)
    0x0800020a   0x0800020a   0x00000002   Code   RO          385    .ARM.Collect$$libshutdown$$00000010  c_p.l(libshutdown2.o)
    0x0800020c   0x0800020c   0x00000000   Code   RO          212    .ARM.Collect$$rtentry$$00000000  c_p.l(__rtentry.o)
    0x0800020c   0x0800020c   0x00000000   Code   RO          230    .ARM.Collect$$rtentry$$00000002  c_p.l(__rtentry2.o)
    0x0800020c   0x0800020c   0x00000006   Code   RO          242    .ARM.Collect$$rtentry$$00000004  c_p.l(__rtentry4.o)
    0x08000212   0x08000212   0x00000000   Code   RO          232    .ARM.Collect$$rtentry$$00000009  c_p.l(__rtentry2.o)
    0x08000212   0x08000212   0x00000004   Code   RO          233    .ARM.Collect$$rtentry$$0000000A  c_p.l(__rtentry2.o)
    0x08000216   0x08000216   0x00000000   Code   RO          235    .ARM.Collect$$rtentry$$0000000C  c_p.l(__rtentry2.o)
    0x08000216   0x08000216   0x00000008   Code   RO          236    .ARM.Collect$$rtentry$$0000000D  c_p.l(__rtentry2.o)
    0x0800021e   0x0800021e   0x00000002   Code   RO          271    .ARM.Collect$$rtexit$$00000000  c_p.l(rtexit.o)
    0x08000220   0x08000220   0x00000000   Code   RO          327    .ARM.Collect$$rtexit$$00000002  c_p.l(rtexit2.o)
    0x08000220   0x08000220   0x00000004   Code   RO          328    .ARM.Collect$$rtexit$$00000003  c_p.l(rtexit2.o)
    0x08000224   0x08000224   0x00000006   Code   RO          329    .ARM.Collect$$rtexit$$00000004  c_p.l(rtexit2.o)
    0x0800022a   0x0800022a   0x00000002   PAD
    0x0800022c   0x0800022c   0x00000028   Code   RO           21    .text               datainit_ctboard.o
    0x08000254   0x08000254   0x00000024   Code   RO           30  * .text               startup_ctboard.o
    0x08000278   0x08000278   0x0000007c   Code   RO          204    .text               c_p.l(assert.o)
    0x080002f4   0x080002f4   0x0000016c   Code   RO          206    .text               c_p.l(aeabi_sdiv.o)
    0x08000460   0x08000460   0x00000014   Code   RO          217    .text               c_p.l(abort.o)
    0x08000474   0x08000474   0x00000014   Code   RO          219    .text               c_p.l(assert_puts.o)
    0x08000488   0x08000488   0x0000000c   Code   RO          221    .text               c_p.l(sys_wrch.o)
    0x08000494   0x08000494   0x0000000c   Code   RO          223    .text               c_p.l(sys_exit.o)
    0x080004a0   0x080004a0   0x0000000c   Code   RO          246    .text               c_p.l(defsig_abrt_outer.o)
    0x080004ac   0x080004ac   0x00000002   Code   RO          250    .text               c_p.l(use_no_semi.o)
    0x080004ae   0x080004ae   0x00000000   Code   RO          252    .text               c_p.l(indicate_semi.o)
    0x080004ae   0x080004ae   0x00000010   Code   RO          255    .text               c_p.l(exit.o)
    0x080004be   0x080004be   0x0000000c   Code   RO          257    .text               c_p.l(defsig_exit.o)
    0x080004ca   0x080004ca   0x00000002   PAD
    0x080004cc   0x080004cc   0x00000030   Code   RO          259    .text               c_p.l(defsig_abrt_inner.o)
    0x080004fc   0x080004fc   0x00000034   Code   RO          275    .text               c_p.l(defsig_general.o)
    0x08000530   0x08000530   0x00000008   Code   RO           35    .text.__system      system_ctboard.o
    0x08000538   0x08000538   0x000000e4   Code   RO           14    .text.check_GPIO    gpiocheck.o
    0x0800061c   0x0800061c   0x0000009c   Code   RO           78    .text.create_pattern_mask  hal_gpio.o
    0x080006b8   0x080006b8   0x000002c8   Code   RO           62    .text.hal_fmc_init_sram  hal_fmc.o
    0x08000980   0x08000980   0x000000c2   Code   RO           84    .text.hal_gpio_init_alternate  hal_gpio.o
    0x08000a42   0x08000a42   0x000000d0   Code   RO           82    .text.hal_gpio_init_output  hal_gpio.o
    0x08000b12   0x08000b12   0x0000000e   Code   RO          123    .text.hal_pwr_set_overdrive  hal_pwr.o
    0x08000b20   0x08000b20   0x00000108   Code   RO          134    .text.hal_rcc_reset  hal_rcc.o
    0x08000c28   0x08000c28   0x00000118   Code   RO          138    .text.hal_rcc_set_osc  hal_rcc.o
    0x08000d40   0x08000d40   0x000001a0   Code   RO          142    .text.hal_rcc_setup_clock  hal_rcc.o
    0x08000ee0   0x08000ee0   0x00000264   Code   RO          140    .text.hal_rcc_setup_pll  hal_rcc.o
    0x08001144   0x08001144   0x00000178   Code   RO           43    .text.init_FMC_SRAM  system_ctboard.o
    0x080012bc   0x080012bc   0x00000002   Code   RO           41    .text.init_FPU      system_ctboard.o
    0x080012be   0x080012be   0x00000002   PAD
    0x080012c0   0x080012c0   0x00000024   Code   RO           45    .text.init_LCD      system_ctboard.o
    0x080012e4   0x080012e4   0x000000d8   Code   RO           39    .text.init_SystemClock  system_ctboard.o
    0x080013bc   0x080013bc   0x00000034   Code   RO           76    .text.intercept_overwrite_register  hal_gpio.o
    0x080013f0   0x080013f0   0x00000108   Code   RO            2    .text.main          main.o
    0x080014f8   0x080014f8   0x00000088   Code   RO            4    .text.reset_GPIO    main.o
    0x08001580   0x08001580   0x00000014   Code   RO           37    .text.system_enter_run  system_ctboard.o
    0x08001594   0x08001594   0x00000098   Data   RO           64    .rodata.str1.1      hal_fmc.o
    0x0800162c   0x0800162c   0x00000146   Data   RO          144    .rodata.str1.1      hal_rcc.o
    0x08001772   0x08001772   0x00000002   PAD
    0x08001774   0x08001774   0x00000010   Data   RO          387    Region$$Table       anon$$obj.o


    Execution Region RW_IRAM2 (Exec base: 0x10000000, Load base: 0x08001784, Size: 0x00000000, Max: 0x00010000, ABSOLUTE)

    **** No section assigned to this execution region ****


    Execution Region RW_IRAM1 (Exec base: 0x20000000, Load base: 0x08001784, Size: 0x00002000, Max: 0x00030000, ABSOLUTE)

    Exec Addr    Load Addr    Size         Type   Attr      Idx    E Section Name        Object

    0x20000000        -       0x00002000   Zero   RW           27    STACK               startup_ctboard.o


==============================================================================

Image component sizes


      Code (inc. data)   RO Data    RW Data    ZI Data      Debug   Object Name

        40         16          0          0          0        516   datainit_ctboard.o
       228         40          0          0          0       1222   gpiocheck.o
       712         52        152          0          0       3455   hal_fmc.o
       610          4          0          0          0       8773   hal_gpio.o
        14          0          0          0          0       2086   hal_pwr.o
      1572        404        326          0          0       5251   hal_rcc.o
       400         80          0          0          0       2553   main.o
        36          8        428          0       8192        860   startup_ctboard.o
       658         60          0          0          0       6648   system_ctboard.o

    ----------------------------------------------------------------------
      4272        664        924          0       8192      31364   Object Totals
         0          0         16          0          0          0   (incl. Generated)
         2          0          2          0          0          0   (incl. Padding)

    ----------------------------------------------------------------------

      Code (inc. data)   RO Data    RW Data    ZI Data      Debug   Library Member Name

         0          0          0          0          0          0   __rtentry.o
        12          0          0          0          0          0   __rtentry2.o
         6          0          0          0          0          0   __rtentry4.o
        60          8          0          0          0         68   __scatter.o
        28          0          0          0          0          0   __scatter_zi.o
        20          0          0          0          0         68   abort.o
       364          4          0          0          0         92   aeabi_sdiv.o
       124         42          0          0          0         68   assert.o
        20          0          0          0          0         68   assert_puts.o
        48         34          0          0          0         68   defsig_abrt_inner.o
        12          0          0          0          0         68   defsig_abrt_outer.o
        12          0          0          0          0         68   defsig_exit.o
        52          0          0          0          0         72   defsig_general.o
        16          0          0          0          0         68   exit.o
         0          0          0          0          0          0   indicate_semi.o
         2          0          0          0          0          0   libinit.o
         2          0          0          0          0          0   libinit2.o
         2          0          0          0          0          0   libshutdown.o
         2          0          0          0          0          0   libshutdown2.o
         2          0          0          0          0          0   rtexit.o
        10          0          0          0          0          0   rtexit2.o
        12          4          0          0          0         60   sys_exit.o
        12          0          0          0          0         68   sys_wrch.o
         2          0          0          0          0         68   use_no_semi.o

    ----------------------------------------------------------------------
       824         92          0          0          0        904   Library Totals
         4          0          0          0          0          0   (incl. Padding)

    ----------------------------------------------------------------------

      Code (inc. data)   RO Data    RW Data    ZI Data      Debug   Library Name

       820         92          0          0          0        904   c_p.l

    ----------------------------------------------------------------------
       824         92          0          0          0        904   Library Totals

    ----------------------------------------------------------------------

==============================================================================


      Code (inc. data)   RO Data    RW Data    ZI Data      Debug   

      5096        756        924          0       8192      31612   Grand Totals
      5096        756        924          0       8192      31612   ELF Image Totals
      5096        756        924          0          0          0   ROM Totals

==============================================================================

    Total RO  Size (Code + RO Data)                 6020 (   5.88kB)
    Total RW  Size (RW Data + ZI Data)              8192 (   8.00kB)
    Total ROM Size (Code + RO Data + RW Data)       6020 (   5.88kB)

==============================================================================

